Archive member included because of file (symbol)

c:/program files (x86)/atollic/truestudio for arm 5.4.0/armtools/bin/../lib/gcc/arm-atollic-eabi/4.8.3/../../../../arm-atollic-eabi/lib/armv7e-m/fpu\libc_s.a(lib_a-init.o)
                              src\startup_stm32f40xx.o (__libc_init_array)
c:/program files (x86)/atollic/truestudio for arm 5.4.0/armtools/bin/../lib/gcc/arm-atollic-eabi/4.8.3/../../../../arm-atollic-eabi/lib/armv7e-m/fpu\libc_s.a(lib_a-strlen.o)
                              src\tiny_printf.o (strlen)
c:/program files (x86)/atollic/truestudio for arm 5.4.0/armtools/bin/../lib/gcc/arm-atollic-eabi/4.8.3/../../../../arm-atollic-eabi/lib/armv7e-m/fpu\libc_s.a(lib_a-syscalls.o)
                              src\tiny_printf.o (_write)
c:/program files (x86)/atollic/truestudio for arm 5.4.0/armtools/bin/../lib/gcc/arm-atollic-eabi/4.8.3/../../../../arm-atollic-eabi/lib/armv7e-m/fpu\libc_s.a(lib_a-reent.o)
                              c:/program files (x86)/atollic/truestudio for arm 5.4.0/armtools/bin/../lib/gcc/arm-atollic-eabi/4.8.3/../../../../arm-atollic-eabi/lib/armv7e-m/fpu\libc_s.a(lib_a-syscalls.o) (errno)
c:/program files (x86)/atollic/truestudio for arm 5.4.0/armtools/bin/../lib/gcc/arm-atollic-eabi/4.8.3/../../../../arm-atollic-eabi/lib/armv7e-m/fpu\libc_s.a(lib_a-impure.o)
                              c:/program files (x86)/atollic/truestudio for arm 5.4.0/armtools/bin/../lib/gcc/arm-atollic-eabi/4.8.3/../../../../arm-atollic-eabi/lib/armv7e-m/fpu\libc_s.a(lib_a-reent.o) (_impure_ptr)
c:/program files (x86)/atollic/truestudio for arm 5.4.0/armtools/bin/../lib/gcc/arm-atollic-eabi/4.8.3/../../../../arm-atollic-eabi/lib/armv7e-m/fpu\libc_s.a(lib_a-nano-freer.o)
                              c:/program files (x86)/atollic/truestudio for arm 5.4.0/armtools/bin/../lib/gcc/arm-atollic-eabi/4.8.3/../../../../arm-atollic-eabi/lib/armv7e-m/fpu\libc_s.a(lib_a-reent.o) (_free_r)
c:/program files (x86)/atollic/truestudio for arm 5.4.0/armtools/bin/../lib/gcc/arm-atollic-eabi/4.8.3/../../../../arm-atollic-eabi/lib/armv7e-m/fpu\libc_s.a(lib_a-nano-mallocr.o)
                              c:/program files (x86)/atollic/truestudio for arm 5.4.0/armtools/bin/../lib/gcc/arm-atollic-eabi/4.8.3/../../../../arm-atollic-eabi/lib/armv7e-m/fpu\libc_s.a(lib_a-nano-freer.o) (__malloc_free_list)
c:/program files (x86)/atollic/truestudio for arm 5.4.0/armtools/bin/../lib/gcc/arm-atollic-eabi/4.8.3/../../../../arm-atollic-eabi/lib/armv7e-m/fpu\libc_s.a(lib_a-sbrkr.o)
                              c:/program files (x86)/atollic/truestudio for arm 5.4.0/armtools/bin/../lib/gcc/arm-atollic-eabi/4.8.3/../../../../arm-atollic-eabi/lib/armv7e-m/fpu\libc_s.a(lib_a-nano-mallocr.o) (_sbrk_r)
c:/program files (x86)/atollic/truestudio for arm 5.4.0/armtools/bin/../lib/gcc/arm-atollic-eabi/4.8.3/../../../../arm-atollic-eabi/lib/armv7e-m/fpu\libstdc++_s.a(pure.o)
                              src\own_libraries\NRF_REGISTER_MAP.o (__cxa_pure_virtual)
c:/program files (x86)/atollic/truestudio for arm 5.4.0/armtools/bin/../lib/gcc/arm-atollic-eabi/4.8.3/../../../../arm-atollic-eabi/lib/armv7e-m/fpu\libstdc++_s.a(new_op.o)
                              src\control\dibre.o (operator new(unsigned int))
c:/program files (x86)/atollic/truestudio for arm 5.4.0/armtools/bin/../lib/gcc/arm-atollic-eabi/4.8.3/../../../../arm-atollic-eabi/lib/armv7e-m/fpu\libstdc++_s.a(eh_terminate.o)
                              c:/program files (x86)/atollic/truestudio for arm 5.4.0/armtools/bin/../lib/gcc/arm-atollic-eabi/4.8.3/../../../../arm-atollic-eabi/lib/armv7e-m/fpu\libstdc++_s.a(pure.o) (std::terminate())
c:/program files (x86)/atollic/truestudio for arm 5.4.0/armtools/bin/../lib/gcc/arm-atollic-eabi/4.8.3/../../../../arm-atollic-eabi/lib/armv7e-m/fpu\libstdc++_s.a(new_handler.o)
                              c:/program files (x86)/atollic/truestudio for arm 5.4.0/armtools/bin/../lib/gcc/arm-atollic-eabi/4.8.3/../../../../arm-atollic-eabi/lib/armv7e-m/fpu\libstdc++_s.a(new_op.o) (__new_handler)
c:/program files (x86)/atollic/truestudio for arm 5.4.0/armtools/bin/../lib/gcc/arm-atollic-eabi/4.8.3/../../../../arm-atollic-eabi/lib/armv7e-m/fpu\libstdc++_s.a(eh_term_handler.o)
                              c:/program files (x86)/atollic/truestudio for arm 5.4.0/armtools/bin/../lib/gcc/arm-atollic-eabi/4.8.3/../../../../arm-atollic-eabi/lib/armv7e-m/fpu\libstdc++_s.a(eh_terminate.o) (__cxxabiv1::__terminate_handler)
c:/program files (x86)/atollic/truestudio for arm 5.4.0/armtools/bin/../lib/gcc/arm-atollic-eabi/4.8.3/../../../../arm-atollic-eabi/lib/armv7e-m/fpu\libstdc++_s.a(vterminate.o)
                              c:/program files (x86)/atollic/truestudio for arm 5.4.0/armtools/bin/../lib/gcc/arm-atollic-eabi/4.8.3/../../../../arm-atollic-eabi/lib/armv7e-m/fpu\libstdc++_s.a(eh_term_handler.o) (__gnu_cxx::__verbose_terminate_handler())
[...]
Memory Configuration

Name             Origin             Length             Attributes
FLASH            0x08000000         0x00100000         xr
RAM              0x20000000         0x00020000         xrw
MEMORY_B1        0x60000000         0x00000000         xr
CCMRAM           0x10000000         0x00010000         rw
*default*        0x00000000         0xffffffff

Linker script and memory map

LOAD c:/program files (x86)/atollic/truestudio for arm 5.4.0/armtools/bin/../lib/gcc/arm-atollic-eabi/4.8.3/armv7e-m/fpu/crti.o
LOAD c:/program files (x86)/atollic/truestudio for arm 5.4.0/armtools/bin/../lib/gcc/arm-atollic-eabi/4.8.3/armv7e-m/fpu/crtbegin.o
LOAD src\tiny_printf.o
LOAD src\system_stm32f4xx.o
LOAD src\stm32f4xx_it.o
LOAD src\startup_stm32f40xx.o
LOAD src\own_libraries\SPI_interface.o
LOAD src\own_libraries\REGISTER.o
LOAD src\own_libraries\NRF_REGISTER_MAP.o
LOAD src\own_libraries\NRF24.o
LOAD src\own_libraries\CONFIG.o
LOAD src\main.o
LOAD src\control\dibre.o
LOAD src\control\adc.o
LOAD src\control\TimerTime2.o
LOAD src\control\TimerTime.o
LOAD src\control\Robo.o
LOAD src\control\Pwm.o
LOAD src\control\Motor.o
LOAD src\control\GPIO.o
LOAD src\control\Encoder.o
LOAD Utilities\STM32F4-Discovery\stm32f4_discovery_lis302dl.o
LOAD Utilities\STM32F4-Discovery\stm32f4_discovery_audio_codec.o
LOAD Utilities\STM32F4-Discovery\stm32f4_discovery.o
LOAD Libraries\STM32F4xx_StdPeriph_Driver\src\stm32f4xx_wwdg.o
LOAD Libraries\STM32F4xx_StdPeriph_Driver\src\stm32f4xx_usart.o
LOAD Libraries\STM32F4xx_StdPeriph_Driver\src\stm32f4xx_tim.o
LOAD Libraries\STM32F4xx_StdPeriph_Driver\src\stm32f4xx_syscfg.o
LOAD Libraries\STM32F4xx_StdPeriph_Driver\src\stm32f4xx_spi.o
LOAD Libraries\STM32F4xx_StdPeriph_Driver\src\stm32f4xx_sdio.o
LOAD Libraries\STM32F4xx_StdPeriph_Driver\src\stm32f4xx_rtc.o
LOAD Libraries\STM32F4xx_StdPeriph_Driver\src\stm32f4xx_rng.o
LOAD Libraries\STM32F4xx_StdPeriph_Driver\src\stm32f4xx_rcc.o
LOAD Libraries\STM32F4xx_StdPeriph_Driver\src\stm32f4xx_pwr.o
LOAD Libraries\STM32F4xx_StdPeriph_Driver\src\stm32f4xx_iwdg.o
LOAD Libraries\STM32F4xx_StdPeriph_Driver\src\stm32f4xx_i2c.o
LOAD Libraries\STM32F4xx_StdPeriph_Driver\src\stm32f4xx_hash_sha1.o
LOAD Libraries\STM32F4xx_StdPeriph_Driver\src\stm32f4xx_hash_md5.o
LOAD Libraries\STM32F4xx_StdPeriph_Driver\src\stm32f4xx_hash.o
LOAD Libraries\STM32F4xx_StdPeriph_Driver\src\stm32f4xx_gpio.o
LOAD Libraries\STM32F4xx_StdPeriph_Driver\src\stm32f4xx_fsmc.o
LOAD Libraries\STM32F4xx_StdPeriph_Driver\src\stm32f4xx_flash.o
LOAD Libraries\STM32F4xx_StdPeriph_Driver\src\stm32f4xx_exti.o
LOAD Libraries\STM32F4xx_StdPeriph_Driver\src\stm32f4xx_dma.o
LOAD Libraries\STM32F4xx_StdPeriph_Driver\src\stm32f4xx_dcmi.o
LOAD Libraries\STM32F4xx_StdPeriph_Driver\src\stm32f4xx_dbgmcu.o
LOAD Libraries\STM32F4xx_StdPeriph_Driver\src\stm32f4xx_dac.o
LOAD Libraries\STM32F4xx_StdPeriph_Driver\src\stm32f4xx_cryp_tdes.o
LOAD Libraries\STM32F4xx_StdPeriph_Driver\src\stm32f4xx_cryp_des.o
LOAD Libraries\STM32F4xx_StdPeriph_Driver\src\stm32f4xx_cryp_aes.o
LOAD Libraries\STM32F4xx_StdPeriph_Driver\src\stm32f4xx_cryp.o
LOAD Libraries\STM32F4xx_StdPeriph_Driver\src\stm32f4xx_crc.o
LOAD Libraries\STM32F4xx_StdPeriph_Driver\src\stm32f4xx_can.o
LOAD Libraries\STM32F4xx_StdPeriph_Driver\src\stm32f4xx_adc.o
LOAD Libraries\STM32F4xx_StdPeriph_Driver\src\misc.o
START GROUP
LOAD c:/program files (x86)/atollic/truestudio for arm 5.4.0/armtools/bin/../lib/gcc/arm-atollic-eabi/4.8.3/../../../../arm-atollic-eabi/lib/armv7e-m/fpu\libc_s.a
LOAD c:/program files (x86)/atollic/truestudio for arm 5.4.0/armtools/bin/../lib/gcc/arm-atollic-eabi/4.8.3/../../../../arm-atollic-eabi/lib/armv7e-m/fpu\libstdc++_s.a
LOAD c:/program files (x86)/atollic/truestudio for arm 5.4.0/armtools/bin/../lib/gcc/arm-atollic-eabi/4.8.3/../../../../arm-atollic-eabi/lib/armv7e-m/fpu\libsupc++_s.a
END GROUP
                0x00001000                malloc_getpagesize_P = 0x1000
LOAD c:/program files (x86)/atollic/truestudio for arm 5.4.0/armtools/bin/../lib/gcc/arm-atollic-eabi/4.8.3/../../../../arm-atollic-eabi/lib/armv7e-m/fpu\libstdc++.a
LOAD c:/program files (x86)/atollic/truestudio for arm 5.4.0/armtools/bin/../lib/gcc/arm-atollic-eabi/4.8.3/../../../../arm-atollic-eabi/lib/armv7e-m/fpu\libm.a
START GROUP
LOAD c:/program files (x86)/atollic/truestudio for arm 5.4.0/armtools/bin/../lib/gcc/arm-atollic-eabi/4.8.3/armv7e-m/fpu\libgcc.a
LOAD c:/program files (x86)/atollic/truestudio for arm 5.4.0/armtools/bin/../lib/gcc/arm-atollic-eabi/4.8.3/../../../../arm-atollic-eabi/lib/armv7e-m/fpu\libc.a
END GROUP
LOAD c:/program files (x86)/atollic/truestudio for arm 5.4.0/armtools/bin/../lib/gcc/arm-atollic-eabi/4.8.3/armv7e-m/fpu/crtend.o
LOAD c:/program files (x86)/atollic/truestudio for arm 5.4.0/armtools/bin/../lib/gcc/arm-atollic-eabi/4.8.3/armv7e-m/fpu/crtn.o
                0x20020000                _estack = 0x20020000
                0x00000000                _Min_Heap_Size = 0x0
                0x00000400                _Min_Stack_Size = 0x400

.isr_vector     0x08000000      0x188
                0x08000000                . = ALIGN (0x4)
 *(.isr_vector)
 .isr_vector    0x08000000      0x188 src\startup_stm32f40xx.o
                0x08000000                g_pfnVectors
                0x08000188                . = ALIGN (0x4)

.text           0x08000188     0xb010
                0x08000188                . = ALIGN (0x4)
 *(.text)
 .text          0x08000188       0x40 c:/program files (x86)/atollic/truestudio for arm 5.4.0/armtools/bin/../lib/gcc/arm-atollic-eabi/4.8.3/armv7e-m/fpu/crtbegin.o
 .text          0x080001c8     0x5784 c:/program files (x86)/atollic/truestudio for arm 5.4.0/armtools/bin/../lib/gcc/arm-atollic-eabi/4.8.3/../../../../arm-atollic-eabi/lib/armv7e-m/fpu\libstdc++_s.a(cp-demangle.o)
                0x0800586c                __cxa_demangle
                0x08005930                __gcclibcxx_demangle_callback
 .text          0x0800594c       0x14 c:/program files (x86)/atollic/truestudio for arm 5.4.0/armtools/bin/../lib/gcc/arm-atollic-eabi/4.8.3/../../../../arm-atollic-eabi/lib/armv7e-m/fpu\libc_s.a(lib_a-strcmp.o)
                0x0800594c                strcmp
 .text          0x08005960      0x370 c:/program files (x86)/atollic/truestudio for arm 5.4.0/armtools/bin/../lib/gcc/arm-atollic-eabi/4.8.3/armv7e-m/fpu\libgcc.a(_arm_addsubdf3.o)
                0x08005960                __aeabi_drsub
                0x08005968                __aeabi_dsub
                0x08005968                __subdf3
                0x0800596c                __aeabi_dadd
                0x0800596c                __adddf3
                0x08005be4                __floatunsidf
                0x08005be4                __aeabi_ui2d
                0x08005c04                __floatsidf
                0x08005c04                __aeabi_i2d
                0x08005c28                __aeabi_f2d
                0x08005c28                __extendsfdf2
                0x08005c64                __floatundidf
                0x08005c64                __aeabi_ul2d
                0x08005c74                __floatdidf
                0x08005c74                __aeabi_l2d
 .text          0x08005cd0      0x424 c:/program files (x86)/atollic/truestudio for arm 5.4.0/armtools/bin/../lib/gcc/arm-atollic-eabi/4.8.3/armv7e-m/fpu\libgcc.a(_arm_muldivdf3.o)
                0x08005cd0                __aeabi_dmul
                0x08005cd0                __muldf3
                0x08005f24                __divdf3
                0x08005f24                __aeabi_ddiv
 .text          0x080060f4      0x110 c:/program files (x86)/atollic/truestudio for arm 5.4.0/armtools/bin/../lib/gcc/arm-atollic-eabi/4.8.3/armv7e-m/fpu\libgcc.a(_arm_cmpdf2.o)
                0x080060f4                __gtdf2
                0x080060f4                __gedf2
                0x080060fc                __ltdf2
                0x080060fc                __ledf2
                0x08006104                __nedf2
                0x08006104                __eqdf2
                0x08006104                __cmpdf2
                0x08006180                __aeabi_cdrcmple
                0x08006190                __aeabi_cdcmpeq
                0x08006190                __aeabi_cdcmple
                0x080061a0                __aeabi_dcmpeq
                0x080061b4                __aeabi_dcmplt
                0x080061c8                __aeabi_dcmple
                0x080061dc                __aeabi_dcmpge
                0x080061f0                __aeabi_dcmpgt
 .text          0x08006204       0x50 c:/program files (x86)/atollic/truestudio for arm 5.4.0/armtools/bin/../lib/gcc/arm-atollic-eabi/4.8.3/armv7e-m/fpu\libgcc.a(_arm_fixdfsi.o)
                0x08006204                __aeabi_d2iz
                0x08006204                __fixdfsi
 *(.text*)
 .text.ts_itoa  0x08006254       0x90 src\tiny_printf.o
                0x08006254                ts_itoa
 .text.ts_formatstring
                0x080062e4      0x134 src\tiny_printf.o
                0x080062e4                ts_formatstring
 .text.siprintf
                0x08006418       0x2c src\tiny_printf.o
                0x08006418                siprintf
                0x08006418                sprintf
 .text.fputs    0x08006444       0x68 src\tiny_printf.o
                0x08006444                fputs
 .text.SystemInit
                0x080064ac       0x68 src\system_stm32f4xx.o
                0x080064ac                SystemInit
 .text.SetSysClock
                0x08006514       0xf4 src\system_stm32f4xx.o
 .text.NMI_Handler
                0x08006608        0xc src\stm32f4xx_it.o
                0x08006608                NMI_Handler
 .text.HardFault_Handler
                0x08006614        0x8 src\stm32f4xx_it.o
                0x08006614                HardFault_Handler
 .text.MemManage_Handler
                0x0800661c        0x8 src\stm32f4xx_it.o
                0x0800661c                MemManage_Handler
 .text.BusFault_Handler
                0x08006624        0x8 src\stm32f4xx_it.o
                0x08006624                BusFault_Handler
 .text.UsageFault_Handler
                0x0800662c        0x8 src\stm32f4xx_it.o
                0x0800662c                UsageFault_Handler
 .text.SVC_Handler
                0x08006634        0xc src\stm32f4xx_it.o
                0x08006634                SVC_Handler
 .text.DebugMon_Handler
                0x08006640        0xc src\stm32f4xx_it.o
                0x08006640                DebugMon_Handler
 .text.PendSV_Handler
                0x0800664c        0xc src\stm32f4xx_it.o
                0x0800664c                PendSV_Handler
 .text.Reset_Handler
                0x08006658       0x58 src\startup_stm32f40xx.o
                0x08006658                Reset_Handler
 .text.Default_Handler
                0x080066b0        0x4 src\startup_stm32f40xx.o
                0x080066b0                RTC_Alarm_IRQHandler
                0x080066b0                HASH_RNG_IRQHandler
                0x080066b0                TIM8_CC_IRQHandler
                0x080066b0                TIM1_CC_IRQHandler
                0x080066b0                DMA2_Stream5_IRQHandler
                0x080066b0                DMA1_Stream5_IRQHandler
                0x080066b0                PVD_IRQHandler
                0x080066b0                SDIO_IRQHandler
                0x080066b0                TAMP_STAMP_IRQHandler
                0x080066b0                CAN2_RX1_IRQHandler
                0x080066b0                TIM8_TRG_COM_TIM14_IRQHandler
                0x080066b0                TIM1_UP_TIM10_IRQHandler
                0x080066b0                TIM8_UP_TIM13_IRQHandler
                0x080066b0                I2C3_ER_IRQHandler
                0x080066b0                I2C2_EV_IRQHandler
                0x080066b0                DMA1_Stream2_IRQHandler
                0x080066b0                CAN1_RX0_IRQHandler
                0x080066b0                FPU_IRQHandler
                0x080066b0                OTG_HS_WKUP_IRQHandler
                0x080066b0                CAN2_SCE_IRQHandler
                0x080066b0                DMA2_Stream2_IRQHandler
                0x080066b0                SPI1_IRQHandler
                0x080066b0                TIM1_BRK_TIM9_IRQHandler
                0x080066b0                DCMI_IRQHandler
                0x080066b0                CAN2_RX0_IRQHandler
                0x080066b0                DMA2_Stream3_IRQHandler
                0x080066b0                USART6_IRQHandler
                0x080066b0                USART3_IRQHandler
                0x080066b0                CRYP_IRQHandler
                0x080066b0                CAN1_RX1_IRQHandler
                0x080066b0                UART5_IRQHandler
                0x080066b0                DMA2_Stream0_IRQHandler
                0x080066b0                TIM4_IRQHandler
                0x080066b0                I2C1_EV_IRQHandler
                0x080066b0                DMA1_Stream6_IRQHandler
                0x080066b0                DMA1_Stream1_IRQHandler
                0x080066b0                UART4_IRQHandler
                0x080066b0                TIM3_IRQHandler
                0x080066b0                RCC_IRQHandler
                0x080066b0                TIM8_BRK_TIM12_IRQHandler
                0x080066b0                Default_Handler
                0x080066b0                ADC_IRQHandler
                0x080066b0                TIM7_IRQHandler
                0x080066b0                CAN2_TX_IRQHandler
                0x080066b0                TIM5_IRQHandler
                0x080066b0                DMA2_Stream7_IRQHandler
                0x080066b0                I2C3_EV_IRQHandler
                0x080066b0                RTC_WKUP_IRQHandler
                0x080066b0                ETH_WKUP_IRQHandler
                0x080066b0                SPI2_IRQHandler
                0x080066b0                OTG_HS_EP1_IN_IRQHandler
                0x080066b0                CAN1_TX_IRQHandler
                0x080066b0                FSMC_IRQHandler
                0x080066b0                ETH_IRQHandler
                0x080066b0                OTG_HS_EP1_OUT_IRQHandler
                0x080066b0                WWDG_IRQHandler
                0x080066b0                TIM2_IRQHandler
                0x080066b0                OTG_FS_WKUP_IRQHandler
                0x080066b0                TIM1_TRG_COM_TIM11_IRQHandler
                0x080066b0                OTG_HS_IRQHandler
                0x080066b0                USART2_IRQHandler
                0x080066b0                I2C2_ER_IRQHandler
                0x080066b0                DMA2_Stream1_IRQHandler
                0x080066b0                CAN1_SCE_IRQHandler
                0x080066b0                FLASH_IRQHandler
                0x080066b0                DMA2_Stream4_IRQHandler
                0x080066b0                USART1_IRQHandler
                0x080066b0                OTG_FS_IRQHandler
                0x080066b0                DMA1_Stream4_IRQHandler
                0x080066b0                I2C1_ER_IRQHandler
                0x080066b0                DMA2_Stream6_IRQHandler
                0x080066b0                DMA1_Stream3_IRQHandler
 .text._ZN3SPIC2EP11SPI_TypeDefP12GPIO_TypeDeft
                0x080066b4       0xc0 src\own_libraries\SPI_interface.o
                0x080066b4                SPI::SPI(SPI_TypeDef*, GPIO_TypeDef*, unsigned short)
                0x080066b4                SPI::SPI(SPI_TypeDef*, GPIO_TypeDef*, unsigned short)
 .text._ZN3SPI9ASSERT_CSEi
                0x08006774       0x40 src\own_libraries\SPI_interface.o
                0x08006774                SPI::ASSERT_CS(int)
 .text._ZN3SPI3CMDEhhPhS0_
                0x080067b4      0x178 src\own_libraries\SPI_interface.o
                0x080067b4                SPI::CMD(unsigned char, unsigned char, unsigned char*, unsigned char*)
 .text._ZN3SPI10W_REGISTEREhhPh
                0x0800692c       0x48 src\own_libraries\SPI_interface.o
                0x0800692c                SPI::W_REGISTER(unsigned char, unsigned char, unsigned char*)
 .text._ZN3SPI10R_REGISTEREhhPh
                0x08006974       0x3c src\own_libraries\SPI_interface.o
                0x08006974                SPI::R_REGISTER(unsigned char, unsigned char, unsigned char*)
 .text._ZN3SPI3NOPEv
                0x080069b0       0x24 src\own_libraries\SPI_interface.o
                0x080069b0                SPI::NOP()
 .text._ZN8REGISTERC2Ev
                0x080069d4       0x40 src\own_libraries\REGISTER.o
                0x080069d4                REGISTER::REGISTER()
                0x080069d4                REGISTER::REGISTER()
 .text._ZN8REGISTER8set_sizeEh
                0x08006a14       0x1c src\own_libraries\REGISTER.o
                0x08006a14                REGISTER::set_size(unsigned char)
 .text._ZN8REGISTER11set_addressEh
                0x08006a30       0x1c src\own_libraries\REGISTER.o
                0x08006a30                REGISTER::set_address(unsigned char)
 .text._ZN16NRF_REGISTER_MAPC2Ev
                0x08006a4c      0x320 src\own_libraries\NRF_REGISTER_MAP.o
                0x08006a4c                NRF_REGISTER_MAP::NRF_REGISTER_MAP()
                0x08006a4c                NRF_REGISTER_MAP::NRF_REGISTER_MAP()
 .text._ZN3NRF10W_REGISTEREhhPh
                0x08006d6c       0x34 src\own_libraries\NRF24.o
                0x08006d6c                NRF::W_REGISTER(unsigned char, unsigned char, unsigned char*)
 .text._ZN3NRF10R_REGISTEREhhPh
                0x08006da0       0x34 src\own_libraries\NRF24.o
                0x08006da0                NRF::R_REGISTER(unsigned char, unsigned char, unsigned char*)
 .text._ZN3NRFC2EP12GPIO_TypeDeftS1_tP11SPI_TypeDefS1_tS1_tS1_tS1_t
                0x08006dd4      0x22c src\own_libraries\NRF24.o
                0x08006dd4                NRF::NRF(GPIO_TypeDef*, unsigned short, GPIO_TypeDef*, unsigned short, SPI_TypeDef*, GPIO_TypeDef*, unsigned short, GPIO_TypeDef*, unsigned short, GPIO_TypeDef*, unsigned short, GPIO_TypeDef*, unsigned short)
                0x08006dd4                NRF::NRF(GPIO_TypeDef*, unsigned short, GPIO_TypeDef*, unsigned short, SPI_TypeDef*, GPIO_TypeDef*, unsigned short, GPIO_TypeDef*, unsigned short, GPIO_TypeDef*, unsigned short, GPIO_TypeDef*, unsigned short)
 .text._ZN3NRF9ASSERT_CEEi
                0x08007000       0x48 src\own_libraries\NRF24.o
                0x08007000                NRF::ASSERT_CE(int)
 .text._ZN3NRF5beginEv
                0x08007048       0xc0 src\own_libraries\NRF24.o
                0x08007048                NRF::begin()
 .text._ZN3NRF12stdbyI_to_RXEh
                0x08007108       0x7c src\own_libraries\NRF24.o
                0x08007108                NRF::stdbyI_to_RX(unsigned char)
 .text._ZN3NRF11EN_AA_setupEh
                0x08007184       0x40 src\own_libraries\NRF24.o
                0x08007184                NRF::EN_AA_setup(unsigned char)
 .text._ZN3NRF15EN_RXADDR_setupEh
                0x080071c4       0x40 src\own_libraries\NRF24.o
                0x080071c4                NRF::EN_RXADDR_setup(unsigned char)
 .text._ZN3NRF14SETUP_AW_setupEh
                0x08007204       0x40 src\own_libraries\NRF24.o
                0x08007204                NRF::SETUP_AW_setup(unsigned char)
 .text._ZN3NRF16SETUP_RETR_setupEh
                0x08007244       0x40 src\own_libraries\NRF24.o
                0x08007244                NRF::SETUP_RETR_setup(unsigned char)
 .text._ZN3NRF11RF_CH_setupEh
                0x08007284       0x40 src\own_libraries\NRF24.o
                0x08007284                NRF::RF_CH_setup(unsigned char)
 .text._ZN3NRF14RF_SETUP_setupEh
                0x080072c4       0x40 src\own_libraries\NRF24.o
                0x080072c4                NRF::RF_SETUP_setup(unsigned char)
 .text._ZN3NRF16RX_ADDR_Px_setupEhPh
                0x08007304       0x64 src\own_libraries\NRF24.o
                0x08007304                NRF::RX_ADDR_Px_setup(unsigned char, unsigned char*)
 .text._ZN3NRF16RX_ADDR_P0_setupEPh
                0x08007368       0x6c src\own_libraries\NRF24.o
                0x08007368                NRF::RX_ADDR_P0_setup(unsigned char*)
 .text._ZN3NRF16RX_ADDR_P1_setupEPh
                0x080073d4       0x6c src\own_libraries\NRF24.o
                0x080073d4                NRF::RX_ADDR_P1_setup(unsigned char*)
 .text._ZN3NRF14RX_PW_Px_setupEhh
                0x08007440       0x4c src\own_libraries\NRF24.o
                0x08007440                NRF::RX_PW_Px_setup(unsigned char, unsigned char)
 .text._ZN3NRF10DATA_READYEv
                0x0800748c       0x40 src\own_libraries\NRF24.o
                0x0800748c                NRF::DATA_READY()
 .text._ZN3NRF12start_listenEv
                0x080074cc       0x18 src\own_libraries\NRF24.o
                0x080074cc                NRF::start_listen()
 .text._ZN3NRF7RECEIVEEPh
                0x080074e4       0x90 src\own_libraries\NRF24.o
                0x080074e4                NRF::RECEIVE(unsigned char*)
 .text._ZN3NRF12READ_RX_FIFOEPh
                0x08007574       0xd8 src\own_libraries\NRF24.o
                0x08007574                NRF::READ_RX_FIFO(unsigned char*)
 .text._ZN3NRF20GET_PIPE_FOR_READINGEv
                0x0800764c       0x24 src\own_libraries\NRF24.o
                0x0800764c                NRF::GET_PIPE_FOR_READING()
 .text._ZN3NRF12RX_configureEv
                0x08007670       0x50 src\own_libraries\NRF24.o
                0x08007670                NRF::RX_configure()
 .text._ZN3NRF12RX_configureEP13config_Struct
                0x080076c0       0xe4 src\own_libraries\NRF24.o
                0x080076c0                NRF::RX_configure(config_Struct*)
 .text._Z21TimingDelay_Decrementv
                0x080077a4       0x2c src\own_libraries\CONFIG.o
                0x080077a4                TimingDelay_Decrement()
 .text.SysTick_Handler
                0x080077d0        0xc src\own_libraries\CONFIG.o
                0x080077d0                SysTick_Handler
 .text._Z14GPIO_Clock_CmdP12GPIO_TypeDef15FunctionalState
                0x080077dc      0x13c src\own_libraries\CONFIG.o
                0x080077dc                GPIO_Clock_Cmd(GPIO_TypeDef*, FunctionalState)
 .text._Z13SPI_Clock_CmdP11SPI_TypeDef15FunctionalState
                0x08007918       0xe8 src\own_libraries\CONFIG.o
                0x08007918                SPI_Clock_Cmd(SPI_TypeDef*, FunctionalState)
 .text._Z14GPIO_PinSourcet
                0x08007a00       0xd4 src\own_libraries\CONFIG.o
                0x08007a00                GPIO_PinSource(unsigned short)
 .text._Z12GPIO_AF_SPIxP11SPI_TypeDef
                0x08007ad4       0xa8 src\own_libraries\CONFIG.o
                0x08007ad4                GPIO_AF_SPIx(SPI_TypeDef*)
 .text._Z10EXTIx_IRQnt
                0x08007b7c       0xd4 src\own_libraries\CONFIG.o
                0x08007b7c                EXTIx_IRQn(unsigned short)
 .text._Z9EXTI_Linet
                0x08007c50       0xe0 src\own_libraries\CONFIG.o
                0x08007c50                EXTI_Line(unsigned short)
 .text._Z15EXTI_PortSourceP12GPIO_TypeDef
                0x08007d30       0xf0 src\own_libraries\CONFIG.o
                0x08007d30                EXTI_PortSource(GPIO_TypeDef*)
 .text._Z14EXTI_PinSourcet
                0x08007e20       0xd0 src\own_libraries\CONFIG.o
                0x08007e20                EXTI_PinSource(unsigned short)
 .text.NVIC_SetPriority
                0x08007ef0       0x54 src\main.o
 .text.SysTick_Config
                0x08007f44       0x44 src\main.o
 .text._ZN3NRF7IRQ_PinEv
                0x08007f88       0x1c src\main.o
                0x08007f88                NRF::IRQ_Pin()
 .text.main     0x08007fa4      0x11c src\main.o
                0x08007fa4                main
 .text.TIM6_DAC_IRQHandler
                0x080080c0       0x4c src\main.o
                0x080080c0                TIM6_DAC_IRQHandler
 .text._Z19USB_receive_and_putP3NRF
                0x0800810c       0xa8 src\main.o
                0x0800810c                USB_receive_and_put(NRF*)
 .text.EXTI0_IRQHandler
                0x080081b4       0x24 src\main.o
                0x080081b4                EXTI0_IRQHandler
 .text.EXTI1_IRQHandler
                0x080081d8       0x24 src\main.o
                0x080081d8                EXTI1_IRQHandler
 .text.EXTI2_IRQHandler
                0x080081fc       0x24 src\main.o
                0x080081fc                EXTI2_IRQHandler
 .text.EXTI3_IRQHandler
                0x08008220       0x24 src\main.o
                0x08008220                EXTI3_IRQHandler
 .text.EXTI4_IRQHandler
                0x08008244       0x24 src\main.o
                0x08008244                EXTI4_IRQHandler
 .text.EXTI9_5_IRQHandler
                0x08008268       0x38 src\main.o
                0x08008268                EXTI9_5_IRQHandler
 .text.EXTI15_10_IRQHandler
                0x080082a0       0x38 src\main.o
                0x080082a0                EXTI15_10_IRQHandler
 .text.EVAL_AUDIO_TransferComplete_CallBack
                0x080082d8       0x18 src\main.o
                0x080082d8                EVAL_AUDIO_TransferComplete_CallBack
 .text.EVAL_AUDIO_GetSampleCallBack
                0x080082f0       0x14 src\main.o
                0x080082f0                EVAL_AUDIO_GetSampleCallBack
 .text._Z41__static_initialization_and_destruction_0ii
                0x08008304       0x34 src\main.o
 .text._GLOBAL__sub_I_TimingDelay
                0x08008338       0x10 src\main.o
 .text._ZN5dibreC2Ev
                0x08008348       0x44 src\control\dibre.o
                0x08008348                dibre::dibre()
                0x08008348                dibre::dibre()
 .text._ZN5dibre7Set_VelEt
                0x0800838c       0x20 src\control\dibre.o
                0x0800838c                dibre::Set_Vel(unsigned short)
 .text._ZN3adc10ADC_ConfigEiP12GPIO_TypeDeft
                0x080083ac      0x1c8 src\control\adc.o
                0x080083ac                adc::ADC_Config(int, GPIO_TypeDef*, unsigned short)
 .text._ZN3adc17adc_getConversionEv
                0x08008574       0x48 src\control\adc.o
                0x08008574                adc::adc_getConversion()
 .text._ZN11Timer_Time2C2Ev
                0x080085bc       0x54 src\control\TimerTime2.o
                0x080085bc                Timer_Time2::Timer_Time2()
                0x080085bc                Timer_Time2::Timer_Time2()
 .text.NVIC_EnableIRQ
                0x08008610       0x30 src\control\TimerTime.o
 .text.NVIC_SetPriority
                0x08008640       0x54 src\control\TimerTime.o
 .text._ZN10Timer_TimeC2Ev
                0x08008694       0x74 src\control\TimerTime.o
                0x08008694                Timer_Time::Timer_Time()
                0x08008694                Timer_Time::Timer_Time()
 .text._ZN4RoboC2Ev
                0x08008708      0x290 src\control\Robo.o
                0x08008708                Robo::Robo()
                0x08008708                Robo::Robo()
 .text._ZN4Robo13control_speedEv
                0x08008998       0x44 src\control\Robo.o
                0x08008998                Robo::control_speed()
 *fill*         0x080089dc        0x4 
 .text._ZN4Robo9set_speedEiii
                0x080089e0      0x220 src\control\Robo.o
                0x080089e0                Robo::set_speed(int, int, int)
 .text._ZN3PwmC2EP12GPIO_TypeDefmP11TIM_TypeDefhhhb
                0x08008c00      0x200 src\control\Pwm.o
                0x08008c00                Pwm::Pwm(GPIO_TypeDef*, unsigned long, TIM_TypeDef*, unsigned char, unsigned char, unsigned char, bool)
                0x08008c00                Pwm::Pwm(GPIO_TypeDef*, unsigned long, TIM_TypeDef*, unsigned char, unsigned char, unsigned char, bool)
 .text._ZN3Pwm13set_DutyCycleEt
                0x08008e00       0x74 src\control\Pwm.o
                0x08008e00                Pwm::set_DutyCycle(unsigned short)
 .text._ZN5MotorC2EP3PwmP4GPIOS1_S3_P7EncoderP11Timer_Time2
                0x08008e74       0x50 src\control\Motor.o
                0x08008e74                Motor::Motor(Pwm*, GPIO*, Pwm*, GPIO*, Encoder*, Timer_Time2*)
                0x08008e74                Motor::Motor(Pwm*, GPIO*, Pwm*, GPIO*, Encoder*, Timer_Time2*)
 .text._ZN5Motor13Control_SpeedEs
                0x08008ec4       0x74 src\control\Motor.o
                0x08008ec4                Motor::Control_Speed(short)
 .text._ZN5Motor6AnswerEs
                0x08008f38       0xa4 src\control\Motor.o
                0x08008f38                Motor::Answer(short)
 *fill*         0x08008fdc        0x4 
 .text._ZN5Motor15Spe_Calc_AnswerEll
                0x08008fe0      0x180 src\control\Motor.o
                0x08008fe0                Motor::Spe_Calc_Answer(long, long)
 .text._ZN4GPIOC2EP12GPIO_TypeDeft
                0x08009160       0xb4 src\control\GPIO.o
                0x08009160                GPIO::GPIO(GPIO_TypeDef*, unsigned short)
                0x08009160                GPIO::GPIO(GPIO_TypeDef*, unsigned short)
 .text._ZN4GPIO3SetEv
                0x08009214       0x20 src\control\GPIO.o
                0x08009214                GPIO::Set()
 .text._ZN4GPIO5ResetEv
                0x08009234       0x20 src\control\GPIO.o
                0x08009234                GPIO::Reset()
 .text._ZN7EncoderC2EP12GPIO_TypeDefS1_mmP11TIM_TypeDefhhh
                0x08009254      0x16c src\control\Encoder.o
                0x08009254                Encoder::Encoder(GPIO_TypeDef*, GPIO_TypeDef*, unsigned long, unsigned long, TIM_TypeDef*, unsigned char, unsigned char, unsigned char)
                0x08009254                Encoder::Encoder(GPIO_TypeDef*, GPIO_TypeDef*, unsigned long, unsigned long, TIM_TypeDef*, unsigned char, unsigned char, unsigned char)
 .text._ZN7Encoder12get_positionEv
                0x080093c0       0x1c src\control\Encoder.o
                0x080093c0                Encoder::get_position()
 .text._ZN7Encoder12set_positionEm
                0x080093dc       0x1c src\control\Encoder.o
                0x080093dc                Encoder::set_position(unsigned long)
 .text.Audio_MAL_IRQHandler
                0x080093f8       0xf8 Utilities\STM32F4-Discovery\stm32f4_discovery_audio_codec.o
 .text.DMA1_Stream7_IRQHandler
                0x080094f0        0xc Utilities\STM32F4-Discovery\stm32f4_discovery_audio_codec.o
                0x080094f0                DMA1_Stream7_IRQHandler
 .text.DMA1_Stream0_IRQHandler
                0x080094fc        0xc Utilities\STM32F4-Discovery\stm32f4_discovery_audio_codec.o
                0x080094fc                DMA1_Stream0_IRQHandler
 .text.SPI3_IRQHandler
                0x08009508       0x40 Utilities\STM32F4-Discovery\stm32f4_discovery_audio_codec.o
                0x08009508                SPI3_IRQHandler
 .text.STM_EVAL_LEDInit
                0x08009548       0x5c Utilities\STM32F4-Discovery\stm32f4_discovery.o
                0x08009548                STM_EVAL_LEDInit
 .text.STM_EVAL_LEDOn
                0x080095a4       0x30 Utilities\STM32F4-Discovery\stm32f4_discovery.o
                0x080095a4                STM_EVAL_LEDOn
 .text.STM_EVAL_LEDOff
                0x080095d4       0x30 Utilities\STM32F4-Discovery\stm32f4_discovery.o
                0x080095d4                STM_EVAL_LEDOff
 .text.STM_EVAL_LEDToggle
                0x08009604       0x3c Utilities\STM32F4-Discovery\stm32f4_discovery.o
                0x08009604                STM_EVAL_LEDToggle
 .text.TIM_DeInit
                0x08009640      0x1bc Libraries\STM32F4xx_StdPeriph_Driver\src\stm32f4xx_tim.o
                0x08009640                TIM_DeInit
 .text.TIM_TimeBaseInit
                0x080097fc       0xd4 Libraries\STM32F4xx_StdPeriph_Driver\src\stm32f4xx_tim.o
                0x080097fc                TIM_TimeBaseInit
 .text.TIM_SetCounter
                0x080098d0       0x1c Libraries\STM32F4xx_StdPeriph_Driver\src\stm32f4xx_tim.o
                0x080098d0                TIM_SetCounter
 .text.TIM_GetCounter
                0x080098ec       0x18 Libraries\STM32F4xx_StdPeriph_Driver\src\stm32f4xx_tim.o
                0x080098ec                TIM_GetCounter
 .text.TIM_ARRPreloadConfig
                0x08009904       0x40 Libraries\STM32F4xx_StdPeriph_Driver\src\stm32f4xx_tim.o
                0x08009904                TIM_ARRPreloadConfig
 .text.TIM_Cmd  0x08009944       0x40 Libraries\STM32F4xx_StdPeriph_Driver\src\stm32f4xx_tim.o
                0x08009944                TIM_Cmd
 .text.TIM_OC1Init
                0x08009984       0xf4 Libraries\STM32F4xx_StdPeriph_Driver\src\stm32f4xx_tim.o
                0x08009984                TIM_OC1Init
 .text.TIM_OC2Init
                0x08009a78      0x110 Libraries\STM32F4xx_StdPeriph_Driver\src\stm32f4xx_tim.o
                0x08009a78                TIM_OC2Init
 .text.TIM_OC3Init
                0x08009b88      0x10c Libraries\STM32F4xx_StdPeriph_Driver\src\stm32f4xx_tim.o
                0x08009b88                TIM_OC3Init
 .text.TIM_OC4Init
                0x08009c94       0xcc Libraries\STM32F4xx_StdPeriph_Driver\src\stm32f4xx_tim.o
                0x08009c94                TIM_OC4Init
 .text.TIM_SetCompare1
                0x08009d60       0x1c Libraries\STM32F4xx_StdPeriph_Driver\src\stm32f4xx_tim.o
                0x08009d60                TIM_SetCompare1
 .text.TIM_SetCompare2
                0x08009d7c       0x1c Libraries\STM32F4xx_StdPeriph_Driver\src\stm32f4xx_tim.o
                0x08009d7c                TIM_SetCompare2
 .text.TIM_SetCompare3
                0x08009d98       0x1c Libraries\STM32F4xx_StdPeriph_Driver\src\stm32f4xx_tim.o
                0x08009d98                TIM_SetCompare3
 .text.TIM_SetCompare4
                0x08009db4       0x1c Libraries\STM32F4xx_StdPeriph_Driver\src\stm32f4xx_tim.o
                0x08009db4                TIM_SetCompare4
 .text.TIM_OC1PreloadConfig
                0x08009dd0       0x38 Libraries\STM32F4xx_StdPeriph_Driver\src\stm32f4xx_tim.o
                0x08009dd0                TIM_OC1PreloadConfig
 .text.TIM_OC2PreloadConfig
                0x08009e08       0x3c Libraries\STM32F4xx_StdPeriph_Driver\src\stm32f4xx_tim.o
                0x08009e08                TIM_OC2PreloadConfig
 .text.TIM_OC3PreloadConfig
                0x08009e44       0x38 Libraries\STM32F4xx_StdPeriph_Driver\src\stm32f4xx_tim.o
                0x08009e44                TIM_OC3PreloadConfig
 .text.TIM_OC4PreloadConfig
                0x08009e7c       0x3c Libraries\STM32F4xx_StdPeriph_Driver\src\stm32f4xx_tim.o
                0x08009e7c                TIM_OC4PreloadConfig
 .text.TIM_CtrlPWMOutputs
                0x08009eb8       0x4c Libraries\STM32F4xx_StdPeriph_Driver\src\stm32f4xx_tim.o
                0x08009eb8                TIM_CtrlPWMOutputs
 .text.TIM_ITConfig
                0x08009f04       0x48 Libraries\STM32F4xx_StdPeriph_Driver\src\stm32f4xx_tim.o
                0x08009f04                TIM_ITConfig
 .text.TIM_GetITStatus
                0x08009f4c       0x54 Libraries\STM32F4xx_StdPeriph_Driver\src\stm32f4xx_tim.o
                0x08009f4c                TIM_GetITStatus
 .text.TIM_ClearITPendingBit
                0x08009fa0       0x20 Libraries\STM32F4xx_StdPeriph_Driver\src\stm32f4xx_tim.o
                0x08009fa0                TIM_ClearITPendingBit
 .text.TIM_EncoderInterfaceConfig
                0x08009fc0       0x8c Libraries\STM32F4xx_StdPeriph_Driver\src\stm32f4xx_tim.o
                0x08009fc0                TIM_EncoderInterfaceConfig
 .text.SYSCFG_EXTILineConfig
                0x0800a04c       0x7c Libraries\STM32F4xx_StdPeriph_Driver\src\stm32f4xx_syscfg.o
                0x0800a04c                SYSCFG_EXTILineConfig
 .text.SPI_Init
                0x0800a0c8       0x88 Libraries\STM32F4xx_StdPeriph_Driver\src\stm32f4xx_spi.o
                0x0800a0c8                SPI_Init
 .text.SPI_Cmd  0x0800a150       0x40 Libraries\STM32F4xx_StdPeriph_Driver\src\stm32f4xx_spi.o
                0x0800a150                SPI_Cmd
 .text.SPI_I2S_ReceiveData
                0x0800a190       0x1c Libraries\STM32F4xx_StdPeriph_Driver\src\stm32f4xx_spi.o
                0x0800a190                SPI_I2S_ReceiveData
 .text.SPI_I2S_SendData
                0x0800a1ac       0x1c Libraries\STM32F4xx_StdPeriph_Driver\src\stm32f4xx_spi.o
                0x0800a1ac                SPI_I2S_SendData
 .text.SPI_I2S_GetFlagStatus
                0x0800a1c8       0x38 Libraries\STM32F4xx_StdPeriph_Driver\src\stm32f4xx_spi.o
                0x0800a1c8                SPI_I2S_GetFlagStatus
 .text.RCC_AHB1PeriphClockCmd
                0x0800a200       0x3c Libraries\STM32F4xx_StdPeriph_Driver\src\stm32f4xx_rcc.o
                0x0800a200                RCC_AHB1PeriphClockCmd
 .text.RCC_APB1PeriphClockCmd
                0x0800a23c       0x3c Libraries\STM32F4xx_StdPeriph_Driver\src\stm32f4xx_rcc.o
                0x0800a23c                RCC_APB1PeriphClockCmd
 .text.RCC_APB2PeriphClockCmd
                0x0800a278       0x3c Libraries\STM32F4xx_StdPeriph_Driver\src\stm32f4xx_rcc.o
                0x0800a278                RCC_APB2PeriphClockCmd
 .text.RCC_APB1PeriphResetCmd
                0x0800a2b4       0x3c Libraries\STM32F4xx_StdPeriph_Driver\src\stm32f4xx_rcc.o
                0x0800a2b4                RCC_APB1PeriphResetCmd
 .text.RCC_APB2PeriphResetCmd
                0x0800a2f0       0x3c Libraries\STM32F4xx_StdPeriph_Driver\src\stm32f4xx_rcc.o
                0x0800a2f0                RCC_APB2PeriphResetCmd
 .text.GPIO_Init
                0x0800a32c      0x11c Libraries\STM32F4xx_StdPeriph_Driver\src\stm32f4xx_gpio.o
                0x0800a32c                GPIO_Init
 .text.GPIO_ReadInputDataBit
                0x0800a448       0x34 Libraries\STM32F4xx_StdPeriph_Driver\src\stm32f4xx_gpio.o
                0x0800a448                GPIO_ReadInputDataBit
 .text.GPIO_SetBits
                0x0800a47c       0x1c Libraries\STM32F4xx_StdPeriph_Driver\src\stm32f4xx_gpio.o
                0x0800a47c                GPIO_SetBits
 .text.GPIO_ResetBits
                0x0800a498       0x1c Libraries\STM32F4xx_StdPeriph_Driver\src\stm32f4xx_gpio.o
                0x0800a498                GPIO_ResetBits
 .text.GPIO_PinAFConfig
                0x0800a4b4       0x8c Libraries\STM32F4xx_StdPeriph_Driver\src\stm32f4xx_gpio.o
                0x0800a4b4                GPIO_PinAFConfig
 .text.EXTI_Init
                0x0800a540       0xdc Libraries\STM32F4xx_StdPeriph_Driver\src\stm32f4xx_exti.o
                0x0800a540                EXTI_Init
 .text.EXTI_GetITStatus
                0x0800a61c       0x48 Libraries\STM32F4xx_StdPeriph_Driver\src\stm32f4xx_exti.o
                0x0800a61c                EXTI_GetITStatus
 .text.EXTI_ClearITPendingBit
                0x0800a664       0x1c Libraries\STM32F4xx_StdPeriph_Driver\src\stm32f4xx_exti.o
                0x0800a664                EXTI_ClearITPendingBit
 .text.DMA_Init
                0x0800a680       0xac Libraries\STM32F4xx_StdPeriph_Driver\src\stm32f4xx_dma.o
                0x0800a680                DMA_Init
 .text.DMA_Cmd  0x0800a72c       0x38 Libraries\STM32F4xx_StdPeriph_Driver\src\stm32f4xx_dma.o
                0x0800a72c                DMA_Cmd
 .text.DMA_GetCmdStatus
                0x0800a764       0x30 Libraries\STM32F4xx_StdPeriph_Driver\src\stm32f4xx_dma.o
                0x0800a764                DMA_GetCmdStatus
 .text.DMA_GetFlagStatus
                0x0800a794       0x78 Libraries\STM32F4xx_StdPeriph_Driver\src\stm32f4xx_dma.o
                0x0800a794                DMA_GetFlagStatus
 .text.DMA_ClearFlag
                0x0800a80c       0x5c Libraries\STM32F4xx_StdPeriph_Driver\src\stm32f4xx_dma.o
                0x0800a80c                DMA_ClearFlag
 .text.DAC_SetChannel1Data
                0x0800a868       0x34 Libraries\STM32F4xx_StdPeriph_Driver\src\stm32f4xx_dac.o
                0x0800a868                DAC_SetChannel1Data
 .text.ADC_Init
                0x0800a89c       0xa8 Libraries\STM32F4xx_StdPeriph_Driver\src\stm32f4xx_adc.o
                0x0800a89c                ADC_Init
 .text.ADC_CommonInit
                0x0800a944       0x50 Libraries\STM32F4xx_StdPeriph_Driver\src\stm32f4xx_adc.o
                0x0800a944                ADC_CommonInit
 .text.ADC_Cmd  0x0800a994       0x38 Libraries\STM32F4xx_StdPeriph_Driver\src\stm32f4xx_adc.o
                0x0800a994                ADC_Cmd
 .text.ADC_RegularChannelConfig
                0x0800a9cc      0x188 Libraries\STM32F4xx_StdPeriph_Driver\src\stm32f4xx_adc.o
                0x0800a9cc                ADC_RegularChannelConfig
 .text.ADC_SoftwareStartConv
                0x0800ab54       0x20 Libraries\STM32F4xx_StdPeriph_Driver\src\stm32f4xx_adc.o
                0x0800ab54                ADC_SoftwareStartConv
 .text.ADC_DMACmd
                0x0800ab74       0x38 Libraries\STM32F4xx_StdPeriph_Driver\src\stm32f4xx_adc.o
                0x0800ab74                ADC_DMACmd
 .text.ADC_DMARequestAfterLastTransferCmd
                0x0800abac       0x38 Libraries\STM32F4xx_StdPeriph_Driver\src\stm32f4xx_adc.o
                0x0800abac                ADC_DMARequestAfterLastTransferCmd
 .text.NVIC_Init
                0x0800abe4       0xbc Libraries\STM32F4xx_StdPeriph_Driver\src\misc.o
                0x0800abe4                NVIC_Init
 .text.__libc_init_array
                0x0800aca0       0x4c c:/program files (x86)/atollic/truestudio for arm 5.4.0/armtools/bin/../lib/gcc/arm-atollic-eabi/4.8.3/../../../../arm-atollic-eabi/lib/armv7e-m/fpu\libc_s.a(lib_a-init.o)
                0x0800aca0                __libc_init_array
 .text.strlen   0x0800acec       0x10 c:/program files (x86)/atollic/truestudio for arm 5.4.0/armtools/bin/../lib/gcc/arm-atollic-eabi/4.8.3/../../../../arm-atollic-eabi/lib/armv7e-m/fpu\libc_s.a(lib_a-strlen.o)
                0x0800acec                strlen
 .text._getpid  0x0800acfc        0x4 c:/program files (x86)/atollic/truestudio for arm 5.4.0/armtools/bin/../lib/gcc/arm-atollic-eabi/4.8.3/../../../../arm-atollic-eabi/lib/armv7e-m/fpu\libc_s.a(lib_a-syscalls.o)
                0x0800acfc                _getpid
 .text._kill    0x0800ad00       0x10 c:/program files (x86)/atollic/truestudio for arm 5.4.0/armtools/bin/../lib/gcc/arm-atollic-eabi/4.8.3/../../../../arm-atollic-eabi/lib/armv7e-m/fpu\libc_s.a(lib_a-syscalls.o)
                0x0800ad00                _kill
 .text._exit    0x0800ad10        0xc c:/program files (x86)/atollic/truestudio for arm 5.4.0/armtools/bin/../lib/gcc/arm-atollic-eabi/4.8.3/../../../../arm-atollic-eabi/lib/armv7e-m/fpu\libc_s.a(lib_a-syscalls.o)
                0x0800ad10                _exit
 .text._write   0x0800ad1c        0x4 c:/program files (x86)/atollic/truestudio for arm 5.4.0/armtools/bin/../lib/gcc/arm-atollic-eabi/4.8.3/../../../../arm-atollic-eabi/lib/armv7e-m/fpu\libc_s.a(lib_a-syscalls.o)
                0x0800ad1c                _write
 .text._sbrk    0x0800ad20       0x34 c:/program files (x86)/atollic/truestudio for arm 5.4.0/armtools/bin/../lib/gcc/arm-atollic-eabi/4.8.3/../../../../arm-atollic-eabi/lib/armv7e-m/fpu\libc_s.a(lib_a-syscalls.o)
                0x0800ad20                _sbrk
 .text._free_r  0x0800ad54       0x88 c:/program files (x86)/atollic/truestudio for arm 5.4.0/armtools/bin/../lib/gcc/arm-atollic-eabi/4.8.3/../../../../arm-atollic-eabi/lib/armv7e-m/fpu\libc_s.a(lib_a-nano-freer.o)
                0x0800ad54                _free_r
 .text._malloc_r
                0x0800addc       0xa8 c:/program files (x86)/atollic/truestudio for arm 5.4.0/armtools/bin/../lib/gcc/arm-atollic-eabi/4.8.3/../../../../arm-atollic-eabi/lib/armv7e-m/fpu\libc_s.a(lib_a-nano-mallocr.o)
                0x0800addc                _malloc_r
 .text._sbrk_r  0x0800ae84       0x20 c:/program files (x86)/atollic/truestudio for arm 5.4.0/armtools/bin/../lib/gcc/arm-atollic-eabi/4.8.3/../../../../arm-atollic-eabi/lib/armv7e-m/fpu\libc_s.a(lib_a-sbrkr.o)
                0x0800ae84                _sbrk_r
 .text.__cxa_pure_virtual
                0x0800aea4       0x14 c:/program files (x86)/atollic/truestudio for arm 5.4.0/armtools/bin/../lib/gcc/arm-atollic-eabi/4.8.3/../../../../arm-atollic-eabi/lib/armv7e-m/fpu\libstdc++_s.a(pure.o)
                0x0800aea4                __cxa_pure_virtual
 .text._Znwj    0x0800aeb8       0x28 c:/program files (x86)/atollic/truestudio for arm 5.4.0/armtools/bin/../lib/gcc/arm-atollic-eabi/4.8.3/../../../../arm-atollic-eabi/lib/armv7e-m/fpu\libstdc++_s.a(new_op.o)
                0x0800aeb8                operator new(unsigned int)
 .text._ZN10__cxxabiv111__terminateEPFvvE
                0x0800aee0        0x8 c:/program files (x86)/atollic/truestudio for arm 5.4.0/armtools/bin/../lib/gcc/arm-atollic-eabi/4.8.3/../../../../arm-atollic-eabi/lib/armv7e-m/fpu\libstdc++_s.a(eh_terminate.o)
                0x0800aee0                __cxxabiv1::__terminate(void (*)())
 .text._ZSt9terminatev
                0x0800aee8       0x10 c:/program files (x86)/atollic/truestudio for arm 5.4.0/armtools/bin/../lib/gcc/arm-atollic-eabi/4.8.3/../../../../arm-atollic-eabi/lib/armv7e-m/fpu\libstdc++_s.a(eh_terminate.o)
                0x0800aee8                std::terminate()
 .text._ZN9__gnu_cxx27__verbose_terminate_handlerEv
                0x0800aef8       0x98 c:/program files (x86)/atollic/truestudio for arm 5.4.0/armtools/bin/../lib/gcc/arm-atollic-eabi/4.8.3/../../../../arm-atollic-eabi/lib/armv7e-m/fpu\libstdc++_s.a(vterminate.o)
                0x0800aef8                __gnu_cxx::__verbose_terminate_handler()
 .text.__cxa_current_exception_type
                0x0800af90       0x1a c:/program files (x86)/atollic/truestudio for arm 5.4.0/armtools/bin/../lib/gcc/arm-atollic-eabi/4.8.3/../../../../arm-atollic-eabi/lib/armv7e-m/fpu\libstdc++_s.a(eh_type.o)
                0x0800af90                __cxa_current_exception_type
 *fill*         0x0800afaa        0x2 
 .text.__cxa_get_globals
                0x0800afac        0x8 c:/program files (x86)/atollic/truestudio for arm 5.4.0/armtools/bin/../lib/gcc/arm-atollic-eabi/4.8.3/../../../../arm-atollic-eabi/lib/armv7e-m/fpu\libstdc++_s.a(eh_globals.o)
                0x0800afac                __cxa_get_globals
 .text.abort    0x0800afb4        0xe c:/program files (x86)/atollic/truestudio for arm 5.4.0/armtools/bin/../lib/gcc/arm-atollic-eabi/4.8.3/../../../../arm-atollic-eabi/lib/armv7e-m/fpu\libc_s.a(lib_a-abort.o)
                0x0800afb4                abort
 *fill*         0x0800afc2        0x2 
 .text.malloc   0x0800afc4       0x10 c:/program files (x86)/atollic/truestudio for arm 5.4.0/armtools/bin/../lib/gcc/arm-atollic-eabi/4.8.3/../../../../arm-atollic-eabi/lib/armv7e-m/fpu\libc_s.a(lib_a-malloc.o)
                0x0800afc4                malloc
 .text.free     0x0800afd4       0x10 c:/program files (x86)/atollic/truestudio for arm 5.4.0/armtools/bin/../lib/gcc/arm-atollic-eabi/4.8.3/../../../../arm-atollic-eabi/lib/armv7e-m/fpu\libc_s.a(lib_a-malloc.o)
                0x0800afd4                free
 .text.memcmp   0x0800afe4       0x1e c:/program files (x86)/atollic/truestudio for arm 5.4.0/armtools/bin/../lib/gcc/arm-atollic-eabi/4.8.3/../../../../arm-atollic-eabi/lib/armv7e-m/fpu\libc_s.a(lib_a-memcmp.o)
                0x0800afe4                memcmp
 .text.memcpy   0x0800b002       0x12 c:/program files (x86)/atollic/truestudio for arm 5.4.0/armtools/bin/../lib/gcc/arm-atollic-eabi/4.8.3/../../../../arm-atollic-eabi/lib/armv7e-m/fpu\libc_s.a(lib_a-memcpy-stub.o)
                0x0800b002                memcpy
 .text.realloc  0x0800b014       0x14 c:/program files (x86)/atollic/truestudio for arm 5.4.0/armtools/bin/../lib/gcc/arm-atollic-eabi/4.8.3/../../../../arm-atollic-eabi/lib/armv7e-m/fpu\libc_s.a(lib_a-realloc.o)
                0x0800b014                realloc
 .text._raise_r
                0x0800b028       0x50 c:/program files (x86)/atollic/truestudio for arm 5.4.0/armtools/bin/../lib/gcc/arm-atollic-eabi/4.8.3/../../../../arm-atollic-eabi/lib/armv7e-m/fpu\libc_s.a(lib_a-signal.o)
                0x0800b028                _raise_r
 .text.raise    0x0800b078       0x10 c:/program files (x86)/atollic/truestudio for arm 5.4.0/armtools/bin/../lib/gcc/arm-atollic-eabi/4.8.3/../../../../arm-atollic-eabi/lib/armv7e-m/fpu\libc_s.a(lib_a-signal.o)
                0x0800b078                raise
 .text._kill_r  0x0800b088       0x24 c:/program files (x86)/atollic/truestudio for arm 5.4.0/armtools/bin/../lib/gcc/arm-atollic-eabi/4.8.3/../../../../arm-atollic-eabi/lib/armv7e-m/fpu\libc_s.a(lib_a-signalr.o)
                0x0800b088                _kill_r
 .text._getpid_r
                0x0800b0ac        0x4 c:/program files (x86)/atollic/truestudio for arm 5.4.0/armtools/bin/../lib/gcc/arm-atollic-eabi/4.8.3/../../../../arm-atollic-eabi/lib/armv7e-m/fpu\libc_s.a(lib_a-signalr.o)
                0x0800b0ac                _getpid_r
 .text.strncmp  0x0800b0b0       0x2e c:/program files (x86)/atollic/truestudio for arm 5.4.0/armtools/bin/../lib/gcc/arm-atollic-eabi/4.8.3/../../../../arm-atollic-eabi/lib/armv7e-m/fpu\libc_s.a(lib_a-strncmp.o)
                0x0800b0b0                strncmp
 *fill*         0x0800b0de        0x2 
 .text.write    0x0800b0e0       0x1c c:/program files (x86)/atollic/truestudio for arm 5.4.0/armtools/bin/../lib/gcc/arm-atollic-eabi/4.8.3/../../../../arm-atollic-eabi/lib/armv7e-m/fpu\libc_s.a(lib_a-syswrite.o)
                0x0800b0e0                write
 .text._write_r
                0x0800b0fc       0x24 c:/program files (x86)/atollic/truestudio for arm 5.4.0/armtools/bin/../lib/gcc/arm-atollic-eabi/4.8.3/../../../../arm-atollic-eabi/lib/armv7e-m/fpu\libc_s.a(lib_a-writer.o)
                0x0800b0fc                _write_r
 .text._realloc_r
                0x0800b120       0x4c c:/program files (x86)/atollic/truestudio for arm 5.4.0/armtools/bin/../lib/gcc/arm-atollic-eabi/4.8.3/../../../../arm-atollic-eabi/lib/armv7e-m/fpu\libc_s.a(lib_a-nano-reallocr.o)
                0x0800b120                _realloc_r
 .text._malloc_usable_size_r
                0x0800b16c       0x12 c:/program files (x86)/atollic/truestudio for arm 5.4.0/armtools/bin/../lib/gcc/arm-atollic-eabi/4.8.3/../../../../arm-atollic-eabi/lib/armv7e-m/fpu\libc_s.a(lib_a-nano-msizer.o)
                0x0800b16c                _malloc_usable_size_r
 *(.glue_7)
 .glue_7        0x00000000        0x0 linker stubs
 *(.glue_7t)
 .glue_7t       0x00000000        0x0 linker stubs
 *(.eh_frame)
 *fill*         0x0800b17e        0x2 
 .eh_frame      0x0800b180        0x0 c:/program files (x86)/atollic/truestudio for arm 5.4.0/armtools/bin/../lib/gcc/arm-atollic-eabi/4.8.3/armv7e-m/fpu/crtbegin.o
 *(.init)
 .init          0x0800b180        0x4 c:/program files (x86)/atollic/truestudio for arm 5.4.0/armtools/bin/../lib/gcc/arm-atollic-eabi/4.8.3/armv7e-m/fpu/crti.o
                0x0800b180                _init
 .init          0x0800b184        0x8 c:/program files (x86)/atollic/truestudio for arm 5.4.0/armtools/bin/../lib/gcc/arm-atollic-eabi/4.8.3/armv7e-m/fpu/crtn.o
 *(.fini)
 .fini          0x0800b18c        0x4 c:/program files (x86)/atollic/truestudio for arm 5.4.0/armtools/bin/../lib/gcc/arm-atollic-eabi/4.8.3/armv7e-m/fpu/crti.o
                0x0800b18c                _fini
 .fini          0x0800b190        0x8 c:/program files (x86)/atollic/truestudio for arm 5.4.0/armtools/bin/../lib/gcc/arm-atollic-eabi/4.8.3/armv7e-m/fpu/crtn.o
                0x0800b198                . = ALIGN (0x4)
                0x0800b198                _etext = .

.vfp11_veneer   0x0800b198        0x0
 .vfp11_veneer  0x00000000        0x0 linker stubs

.v4_bx          0x0800b198        0x0
 .v4_bx         0x00000000        0x0 linker stubs

.iplt           0x0800b198        0x0
 .iplt          0x00000000        0x0 c:/program files (x86)/atollic/truestudio for arm 5.4.0/armtools/bin/../lib/gcc/arm-atollic-eabi/4.8.3/armv7e-m/fpu/crtbegin.o

.rodata         0x0800b198     0x1034
                0x0800b198                . = ALIGN (0x4)
 *(.rodata)
 .rodata        0x0800b198        0x4 src\tiny_printf.o
 .rodata        0x0800b19c        0x8 src\own_libraries\NRF24.o
 .rodata        0x0800b1a4      0x738 c:/program files (x86)/atollic/truestudio for arm 5.4.0/armtools/bin/../lib/gcc/arm-atollic-eabi/4.8.3/../../../../arm-atollic-eabi/lib/armv7e-m/fpu\libstdc++_s.a(cp-demangle.o)
 *(.rodata*)
 *fill*         0x0800b8dc        0x4 
 .rodata._ZTV16NRF_REGISTER_MAP
                0x0800b8e0       0x10 src\own_libraries\NRF_REGISTER_MAP.o
                0x0800b8e0                vtable for NRF_REGISTER_MAP
 .rodata._ZTV3NRF
                0x0800b8f0       0x10 src\own_libraries\NRF24.o
                0x0800b8f0                vtable for NRF
 .rodata.GPIO_PIN
                0x0800b900        0x8 Utilities\STM32F4-Discovery\stm32f4_discovery.o
                0x0800b900                GPIO_PIN
 .rodata.GPIO_CLK
                0x0800b908       0x10 Utilities\STM32F4-Discovery\stm32f4_discovery.o
                0x0800b908                GPIO_CLK
 .rodata.str1.1
                0x0800b918        0x2 c:/program files (x86)/atollic/truestudio for arm 5.4.0/armtools/bin/../lib/gcc/arm-atollic-eabi/4.8.3/../../../../arm-atollic-eabi/lib/armv7e-m/fpu\libc_s.a(lib_a-impure.o)
 .rodata.str1.1
                0x0800b91a       0x3b c:/program files (x86)/atollic/truestudio for arm 5.4.0/armtools/bin/../lib/gcc/arm-atollic-eabi/4.8.3/../../../../arm-atollic-eabi/lib/armv7e-m/fpu\libstdc++_s.a(pure.o)
 .rodata.str1.1
                0x0800b955       0x80 c:/program files (x86)/atollic/truestudio for arm 5.4.0/armtools/bin/../lib/gcc/arm-atollic-eabi/4.8.3/../../../../arm-atollic-eabi/lib/armv7e-m/fpu\libstdc++_s.a(vterminate.o)
 *fill*         0x0800b9d5        0x3 
 .rodata.str1.4
                0x0800b9d8      0x7f4 c:/program files (x86)/atollic/truestudio for arm 5.4.0/armtools/bin/../lib/gcc/arm-atollic-eabi/4.8.3/../../../../arm-atollic-eabi/lib/armv7e-m/fpu\libstdc++_s.a(cp-demangle.o)
                                0x840 (size before relaxing)
                0x0800c1cc                . = ALIGN (0x4)

.rel.dyn        0x0800c1cc        0x0
 .rel.iplt      0x00000000        0x0 c:/program files (x86)/atollic/truestudio for arm 5.4.0/armtools/bin/../lib/gcc/arm-atollic-eabi/4.8.3/armv7e-m/fpu/crtbegin.o

.ARM.extab
 *(.ARM.extab* .gnu.linkonce.armextab.*)

.ARM            0x0800c1cc        0x0
                0x0800c1cc                __exidx_start = .
 *(.ARM.exidx*)
                0x0800c1cc                __exidx_end = .

.preinit_array  0x0800c1cc        0x0
                0x0800c1cc                PROVIDE (__preinit_array_start, .)
 *(.preinit_array*)
                0x0800c1cc                PROVIDE (__preinit_array_end, .)

.init_array     0x0800c1cc        0x8
                0x0800c1cc                PROVIDE (__init_array_start, .)
 *(SORT(.init_array.*))
 *(.init_array*)
 .init_array    0x0800c1cc        0x4 c:/program files (x86)/atollic/truestudio for arm 5.4.0/armtools/bin/../lib/gcc/arm-atollic-eabi/4.8.3/armv7e-m/fpu/crtbegin.o
 .init_array    0x0800c1d0        0x4 src\main.o
                0x0800c1d4                PROVIDE (__init_array_end, .)

.fini_array     0x0800c1d4        0x4
                0x0800c1d4                PROVIDE (__fini_array_start, .)
 *(SORT(.fini_array.*))
 *(.fini_array*)
 .fini_array    0x0800c1d4        0x4 c:/program files (x86)/atollic/truestudio for arm 5.4.0/armtools/bin/../lib/gcc/arm-atollic-eabi/4.8.3/armv7e-m/fpu/crtbegin.o
                0x0800c1d8                PROVIDE (__fini_array_end, .)
                0x0800c1d8                _sidata = LOADADDR (.data)

.data           0x20000000      0x1a8 load address 0x0800c1d8
                0x20000000                . = ALIGN (0x4)
                0x20000000                _sdata = .
 *(.data)
 *(.data*)
 .data.SystemCoreClock
                0x20000000        0x4 src\system_stm32f4xx.o
                0x20000000                SystemCoreClock
 .data.MAH_Port
                0x20000004       0x10 src\control\Robo.o
                0x20000004                MAH_Port
 .data.MAL_Port
                0x20000014       0x10 src\control\Robo.o
                0x20000014                MAL_Port
 .data.MBH_Port
                0x20000024       0x10 src\control\Robo.o
                0x20000024                MBH_Port
 .data.MBL_Port
                0x20000034       0x10 src\control\Robo.o
                0x20000034                MBL_Port
 .data.MAH_Pin  0x20000044       0x10 src\control\Robo.o
                0x20000044                MAH_Pin
 .data.MAL_Pin  0x20000054       0x10 src\control\Robo.o
                0x20000054                MAL_Pin
 .data.MBH_Pin  0x20000064       0x10 src\control\Robo.o
                0x20000064                MBH_Pin
 .data.MBL_Pin  0x20000074       0x10 src\control\Robo.o
                0x20000074                MBL_Pin
 .data.MAH_Tim  0x20000084       0x10 src\control\Robo.o
                0x20000084                MAH_Tim
 .data.MBH_Tim  0x20000094       0x10 src\control\Robo.o
                0x20000094                MBH_Tim
 .data.MAH_Ch   0x200000a4        0x4 src\control\Robo.o
                0x200000a4                MAH_Ch
 .data.MBH_Ch   0x200000a8        0x4 src\control\Robo.o
                0x200000a8                MBH_Ch
 .data.MAH_nState
                0x200000ac        0x4 src\control\Robo.o
                0x200000ac                MAH_nState
 .data.MBH_nState
                0x200000b0        0x4 src\control\Robo.o
                0x200000b0                MBH_nState
 .data.MAH_Af   0x200000b4        0x4 src\control\Robo.o
                0x200000b4                MAH_Af
 .data.MBH_Af   0x200000b8        0x4 src\control\Robo.o
                0x200000b8                MBH_Af
 .data.MAH_Af_Pin
                0x200000bc        0x4 src\control\Robo.o
                0x200000bc                MAH_Af_Pin
 .data.MBH_Af_Pin
                0x200000c0        0x4 src\control\Robo.o
                0x200000c0                MBH_Af_Pin
 .data.M_EncA_Port
                0x200000c4       0x10 src\control\Robo.o
                0x200000c4                M_EncA_Port
 .data.M_EncB_Port
                0x200000d4       0x10 src\control\Robo.o
                0x200000d4                M_EncB_Port
 .data.M_EncA_Pin
                0x200000e4       0x10 src\control\Robo.o
                0x200000e4                M_EncA_Pin
 .data.M_EncB_Pin
                0x200000f4       0x10 src\control\Robo.o
                0x200000f4                M_EncB_Pin
 .data.M_Enc_Tim
                0x20000104       0x10 src\control\Robo.o
                0x20000104                M_Enc_Tim
 .data.M_Enc_Af
                0x20000114        0x4 src\control\Robo.o
                0x20000114                M_Enc_Af
 .data.M_EncA_Af_Pin
                0x20000118        0x4 src\control\Robo.o
                0x20000118                M_EncA_Af_Pin
 .data.M_EncB_Af_Pin
                0x2000011c        0x4 src\control\Robo.o
                0x2000011c                M_EncB_Af_Pin
 .data.AudioRemSize
                0x20000120        0x4 Utilities\STM32F4-Discovery\stm32f4_discovery_audio_codec.o
                0x20000120                AudioRemSize
 .data.CurrAudioInterface
                0x20000124        0x4 Utilities\STM32F4-Discovery\stm32f4_discovery_audio_codec.o
                0x20000124                CurrAudioInterface
 .data.AUDIO_MAL_DMA_STREAM
                0x20000128        0x4 Utilities\STM32F4-Discovery\stm32f4_discovery_audio_codec.o
                0x20000128                AUDIO_MAL_DMA_STREAM
 .data.AUDIO_MAL_DMA_FLAG_TC
                0x2000012c        0x4 Utilities\STM32F4-Discovery\stm32f4_discovery_audio_codec.o
                0x2000012c                AUDIO_MAL_DMA_FLAG_TC
 .data.GPIO_PORT
                0x20000130       0x10 Utilities\STM32F4-Discovery\stm32f4_discovery.o
                0x20000130                GPIO_PORT
 .data.impure_data
                0x20000140       0x60 c:/program files (x86)/atollic/truestudio for arm 5.4.0/armtools/bin/../lib/gcc/arm-atollic-eabi/4.8.3/../../../../arm-atollic-eabi/lib/armv7e-m/fpu\libc_s.a(lib_a-impure.o)
 .data._impure_ptr
                0x200001a0        0x4 c:/program files (x86)/atollic/truestudio for arm 5.4.0/armtools/bin/../lib/gcc/arm-atollic-eabi/4.8.3/../../../../arm-atollic-eabi/lib/armv7e-m/fpu\libc_s.a(lib_a-impure.o)
                0x200001a0                _impure_ptr
 .data._ZN10__cxxabiv119__terminate_handlerE
                0x200001a4        0x4 c:/program files (x86)/atollic/truestudio for arm 5.4.0/armtools/bin/../lib/gcc/arm-atollic-eabi/4.8.3/../../../../arm-atollic-eabi/lib/armv7e-m/fpu\libstdc++_s.a(eh_term_handler.o)
                0x200001a4                __cxxabiv1::__terminate_handler
                0x200001a8                . = ALIGN (0x4)
                0x200001a8                _edata = .
                0x0800c380                _siccmram = LOADADDR (.ccmram)

.igot.plt       0x200001a8        0x0 load address 0x0800c380
 .igot.plt      0x00000000        0x0 c:/program files (x86)/atollic/truestudio for arm 5.4.0/armtools/bin/../lib/gcc/arm-atollic-eabi/4.8.3/armv7e-m/fpu/crtbegin.o

.ccmram         0x10000000        0x0 load address 0x0800c380
                0x10000000                . = ALIGN (0x4)
                0x10000000                _sccmram = .
 *(.ccmram)
 *(.ccmram*)
                0x10000000                . = ALIGN (0x4)
                0x10000000                _eccmram = .
                0x10000000                . = ALIGN (0x4)

.bss            0x200001a8      0x158
                0x200001a8                _sbss = .
                0x200001a8                __bss_start__ = _sbss
 *(.bss)
 .bss           0x200001a8       0x1c c:/program files (x86)/atollic/truestudio for arm 5.4.0/armtools/bin/../lib/gcc/arm-atollic-eabi/4.8.3/armv7e-m/fpu/crtbegin.o
 *(.bss*)
 .bss._ZL11TimingDelay
                0x200001c4        0x4 src\own_libraries\CONFIG.o
 .bss.radio_ptr
                0x200001c8        0x4 src\main.o
                0x200001c8                radio_ptr
 .bss.robo      0x200001cc       0x84 src\main.o
                0x200001cc                robo
 .bss.robo_irq_timer
                0x20000250        0x4 src\main.o
                0x20000250                robo_irq_timer
 .bss._ZZ19USB_receive_and_putP3NRFE4data
                0x20000254        0x8 src\main.o
 .bss.ADC_Conversao
                0x2000025c        0x4 src\control\adc.o
                0x2000025c                ADC_Conversao
 .bss.heap_end.5121
                0x20000260        0x4 c:/program files (x86)/atollic/truestudio for arm 5.4.0/armtools/bin/../lib/gcc/arm-atollic-eabi/4.8.3/../../../../arm-atollic-eabi/lib/armv7e-m/fpu\libc_s.a(lib_a-syscalls.o)
 .bss.__malloc_sbrk_start
                0x20000264        0x4 c:/program files (x86)/atollic/truestudio for arm 5.4.0/armtools/bin/../lib/gcc/arm-atollic-eabi/4.8.3/../../../../arm-atollic-eabi/lib/armv7e-m/fpu\libc_s.a(lib_a-nano-mallocr.o)
                0x20000264                __malloc_sbrk_start
 .bss.__malloc_free_list
                0x20000268        0x4 c:/program files (x86)/atollic/truestudio for arm 5.4.0/armtools/bin/../lib/gcc/arm-atollic-eabi/4.8.3/../../../../arm-atollic-eabi/lib/armv7e-m/fpu\libc_s.a(lib_a-nano-mallocr.o)
                0x20000268                __malloc_free_list
 .bss.__new_handler
                0x2000026c        0x4 c:/program files (x86)/atollic/truestudio for arm 5.4.0/armtools/bin/../lib/gcc/arm-atollic-eabi/4.8.3/../../../../arm-atollic-eabi/lib/armv7e-m/fpu\libstdc++_s.a(new_handler.o)
                0x2000026c                __new_handler
 .bss._ZZN9__gnu_cxx27__verbose_terminate_handlerEvE11terminating
                0x20000270        0x1 c:/program files (x86)/atollic/truestudio for arm 5.4.0/armtools/bin/../lib/gcc/arm-atollic-eabi/4.8.3/../../../../arm-atollic-eabi/lib/armv7e-m/fpu\libstdc++_s.a(vterminate.o)
 *fill*         0x20000271        0x3 
 .bss._ZL10eh_globals
                0x20000274        0xc c:/program files (x86)/atollic/truestudio for arm 5.4.0/armtools/bin/../lib/gcc/arm-atollic-eabi/4.8.3/../../../../arm-atollic-eabi/lib/armv7e-m/fpu\libstdc++_s.a(eh_globals.o)
 *(COMMON)
 COMMON         0x20000280       0x7c Utilities\STM32F4-Discovery\stm32f4_discovery_audio_codec.o
                0x20000280                CurrentPos
                0x20000284                AUDIO_MAL_DMA_InitStructure
                0x200002c0                DMA_InitStructure
 COMMON         0x200002fc        0x4 c:/program files (x86)/atollic/truestudio for arm 5.4.0/armtools/bin/../lib/gcc/arm-atollic-eabi/4.8.3/../../../../arm-atollic-eabi/lib/armv7e-m/fpu\libc_s.a(lib_a-reent.o)
                0x200002fc                errno
                0x20000300                . = ALIGN (0x4)
                0x20000300                _ebss = .
                0x20000300                __bss_end__ = _ebss

._user_heap_stack
                0x20000300      0x400
                0x20000300                . = ALIGN (0x4)
                0x20000300                PROVIDE (end, .)
                0x20000300                PROVIDE (_end, .)
                0x20000300                . = (. + _Min_Heap_Size)
                0x20000700                . = (. + _Min_Stack_Size)
 *fill*         0x20000300      0x400 
                0x20000700                . = ALIGN (0x4)

.memory_b1_text
 *(.mb1text)
 *(.mb1text*)
 *(.mb1rodata)
 *(.mb1rodata*)

/DISCARD/
 libc.a(*)
 libm.a(*)
 libgcc.a(*)

.ARM.attributes
                0x00000000       0x30
 *(.ARM.attributes)
 .ARM.attributes
                0x00000000       0x22 c:/program files (x86)/atollic/truestudio for arm 5.4.0/armtools/bin/../lib/gcc/arm-atollic-eabi/4.8.3/armv7e-m/fpu/crti.o
 .ARM.attributes
                0x00000022       0x34 c:/program files (x86)/atollic/truestudio for arm 5.4.0/armtools/bin/../lib/gcc/arm-atollic-eabi/4.8.3/armv7e-m/fpu/crtbegin.o
 .ARM.attributes
                0x00000056       0x39 src\tiny_printf.o
 .ARM.attributes
                0x0000008f       0x39 src\system_stm32f4xx.o
 .ARM.attributes
                0x000000c8       0x39 src\stm32f4xx_it.o
 .ARM.attributes
                0x00000101       0x21 src\startup_stm32f40xx.o
 .ARM.attributes
                0x00000122       0x39 src\own_libraries\SPI_interface.o
 .ARM.attributes
                0x0000015b       0x39 src\own_libraries\REGISTER.o
 .ARM.attributes
                0x00000194       0x39 src\own_libraries\NRF_REGISTER_MAP.o
 .ARM.attributes
                0x000001cd       0x39 src\own_libraries\NRF24.o
 .ARM.attributes
                0x00000206       0x39 src\own_libraries\CONFIG.o
 .ARM.attributes
                0x0000023f       0x39 src\main.o
 .ARM.attributes
                0x00000278       0x39 src\control\dibre.o
 .ARM.attributes
                0x000002b1       0x39 src\control\adc.o
 .ARM.attributes
                0x000002ea       0x39 src\control\TimerTime2.o
 .ARM.attributes
                0x00000323       0x39 src\control\TimerTime.o
 .ARM.attributes
                0x0000035c       0x39 src\control\Robo.o
 .ARM.attributes
                0x00000395       0x39 src\control\Pwm.o
 .ARM.attributes
                0x000003ce       0x39 src\control\Motor.o
 .ARM.attributes
                0x00000407       0x39 src\control\GPIO.o
 .ARM.attributes
                0x00000440       0x39 src\control\Encoder.o
 .ARM.attributes
                0x00000479       0x39 Utilities\STM32F4-Discovery\stm32f4_discovery_audio_codec.o
 .ARM.attributes
                0x000004b2       0x39 Utilities\STM32F4-Discovery\stm32f4_discovery.o
 .ARM.attributes
                0x000004eb       0x39 Libraries\STM32F4xx_StdPeriph_Driver\src\stm32f4xx_tim.o
 .ARM.attributes
                0x00000524       0x39 Libraries\STM32F4xx_StdPeriph_Driver\src\stm32f4xx_syscfg.o
 .ARM.attributes
                0x0000055d       0x39 Libraries\STM32F4xx_StdPeriph_Driver\src\stm32f4xx_spi.o
 .ARM.attributes
                0x00000596       0x39 Libraries\STM32F4xx_StdPeriph_Driver\src\stm32f4xx_rcc.o
 .ARM.attributes
                0x000005cf       0x39 Libraries\STM32F4xx_StdPeriph_Driver\src\stm32f4xx_gpio.o
 .ARM.attributes
                0x00000608       0x39 Libraries\STM32F4xx_StdPeriph_Driver\src\stm32f4xx_exti.o
 .ARM.attributes
                0x00000641       0x39 Libraries\STM32F4xx_StdPeriph_Driver\src\stm32f4xx_dma.o
 .ARM.attributes
                0x0000067a       0x39 Libraries\STM32F4xx_StdPeriph_Driver\src\stm32f4xx_dac.o
 .ARM.attributes
                0x000006b3       0x39 Libraries\STM32F4xx_StdPeriph_Driver\src\stm32f4xx_adc.o
 .ARM.attributes
                0x000006ec       0x39 Libraries\STM32F4xx_StdPeriph_Driver\src\misc.o
 .ARM.attributes
                0x00000725       0x34 c:/program files (x86)/atollic/truestudio for arm 5.4.0/armtools/bin/../lib/gcc/arm-atollic-eabi/4.8.3/../../../../arm-atollic-eabi/lib/armv7e-m/fpu\libc_s.a(lib_a-init.o)
 .ARM.attributes
                0x00000759       0x34 c:/program files (x86)/atollic/truestudio for arm 5.4.0/armtools/bin/../lib/gcc/arm-atollic-eabi/4.8.3/../../../../arm-atollic-eabi/lib/armv7e-m/fpu\libc_s.a(lib_a-strlen.o)
 .ARM.attributes
                0x0000078d       0x34 c:/program files (x86)/atollic/truestudio for arm 5.4.0/armtools/bin/../lib/gcc/arm-atollic-eabi/4.8.3/../../../../arm-atollic-eabi/lib/armv7e-m/fpu\libc_s.a(lib_a-syscalls.o)
 .ARM.attributes
                0x000007c1       0x34 c:/program files (x86)/atollic/truestudio for arm 5.4.0/armtools/bin/../lib/gcc/arm-atollic-eabi/4.8.3/../../../../arm-atollic-eabi/lib/armv7e-m/fpu\libc_s.a(lib_a-reent.o)
 .ARM.attributes
                0x000007f5       0x34 c:/program files (x86)/atollic/truestudio for arm 5.4.0/armtools/bin/../lib/gcc/arm-atollic-eabi/4.8.3/../../../../arm-atollic-eabi/lib/armv7e-m/fpu\libc_s.a(lib_a-impure.o)
 .ARM.attributes
                0x00000829       0x34 c:/program files (x86)/atollic/truestudio for arm 5.4.0/armtools/bin/../lib/gcc/arm-atollic-eabi/4.8.3/../../../../arm-atollic-eabi/lib/armv7e-m/fpu\libc_s.a(lib_a-nano-freer.o)
 .ARM.attributes
                0x0000085d       0x34 c:/program files (x86)/atollic/truestudio for arm 5.4.0/armtools/bin/../lib/gcc/arm-atollic-eabi/4.8.3/../../../../arm-atollic-eabi/lib/armv7e-m/fpu\libc_s.a(lib_a-nano-mallocr.o)
 .ARM.attributes
                0x00000891       0x34 c:/program files (x86)/atollic/truestudio for arm 5.4.0/armtools/bin/../lib/gcc/arm-atollic-eabi/4.8.3/../../../../arm-atollic-eabi/lib/armv7e-m/fpu\libc_s.a(lib_a-sbrkr.o)
 .ARM.attributes
                0x000008c5       0x34 c:/program files (x86)/atollic/truestudio for arm 5.4.0/armtools/bin/../lib/gcc/arm-atollic-eabi/4.8.3/../../../../arm-atollic-eabi/lib/armv7e-m/fpu\libstdc++_s.a(pure.o)
 .ARM.attributes
                0x000008f9       0x34 c:/program files (x86)/atollic/truestudio for arm 5.4.0/armtools/bin/../lib/gcc/arm-atollic-eabi/4.8.3/../../../../arm-atollic-eabi/lib/armv7e-m/fpu\libstdc++_s.a(new_op.o)
 .ARM.attributes
                0x0000092d       0x34 c:/program files (x86)/atollic/truestudio for arm 5.4.0/armtools/bin/../lib/gcc/arm-atollic-eabi/4.8.3/../../../../arm-atollic-eabi/lib/armv7e-m/fpu\libstdc++_s.a(eh_terminate.o)
 .ARM.attributes
                0x00000961       0x34 c:/program files (x86)/atollic/truestudio for arm 5.4.0/armtools/bin/../lib/gcc/arm-atollic-eabi/4.8.3/../../../../arm-atollic-eabi/lib/armv7e-m/fpu\libstdc++_s.a(new_handler.o)
 .ARM.attributes
                0x00000995       0x34 c:/program files (x86)/atollic/truestudio for arm 5.4.0/armtools/bin/../lib/gcc/arm-atollic-eabi/4.8.3/../../../../arm-atollic-eabi/lib/armv7e-m/fpu\libstdc++_s.a(eh_term_handler.o)
 .ARM.attributes
                0x000009c9       0x34 c:/program files (x86)/atollic/truestudio for arm 5.4.0/armtools/bin/../lib/gcc/arm-atollic-eabi/4.8.3/../../../../arm-atollic-eabi/lib/armv7e-m/fpu\libstdc++_s.a(vterminate.o)
 .ARM.attributes
                0x000009fd       0x34 c:/program files (x86)/atollic/truestudio for arm 5.4.0/armtools/bin/../lib/gcc/arm-atollic-eabi/4.8.3/../../../../arm-atollic-eabi/lib/armv7e-m/fpu\libstdc++_s.a(eh_type.o)
 .ARM.attributes
                0x00000a31       0x34 c:/program files (x86)/atollic/truestudio for arm 5.4.0/armtools/bin/../lib/gcc/arm-atollic-eabi/4.8.3/../../../../arm-atollic-eabi/lib/armv7e-m/fpu\libstdc++_s.a(cp-demangle.o)
 .ARM.attributes
                0x00000a65       0x34 c:/program files (x86)/atollic/truestudio for arm 5.4.0/armtools/bin/../lib/gcc/arm-atollic-eabi/4.8.3/../../../../arm-atollic-eabi/lib/armv7e-m/fpu\libstdc++_s.a(eh_globals.o)
 .ARM.attributes
                0x00000a99       0x34 c:/program files (x86)/atollic/truestudio for arm 5.4.0/armtools/bin/../lib/gcc/arm-atollic-eabi/4.8.3/../../../../arm-atollic-eabi/lib/armv7e-m/fpu\libc_s.a(lib_a-abort.o)
 .ARM.attributes
                0x00000acd       0x34 c:/program files (x86)/atollic/truestudio for arm 5.4.0/armtools/bin/../lib/gcc/arm-atollic-eabi/4.8.3/../../../../arm-atollic-eabi/lib/armv7e-m/fpu\libc_s.a(lib_a-malloc.o)
 .ARM.attributes
                0x00000b01       0x34 c:/program files (x86)/atollic/truestudio for arm 5.4.0/armtools/bin/../lib/gcc/arm-atollic-eabi/4.8.3/../../../../arm-atollic-eabi/lib/armv7e-m/fpu\libc_s.a(lib_a-memcmp.o)
 .ARM.attributes
                0x00000b35       0x34 c:/program files (x86)/atollic/truestudio for arm 5.4.0/armtools/bin/../lib/gcc/arm-atollic-eabi/4.8.3/../../../../arm-atollic-eabi/lib/armv7e-m/fpu\libc_s.a(lib_a-memcpy-stub.o)
 .ARM.attributes
                0x00000b69       0x34 c:/program files (x86)/atollic/truestudio for arm 5.4.0/armtools/bin/../lib/gcc/arm-atollic-eabi/4.8.3/../../../../arm-atollic-eabi/lib/armv7e-m/fpu\libc_s.a(lib_a-realloc.o)
 .ARM.attributes
                0x00000b9d       0x34 c:/program files (x86)/atollic/truestudio for arm 5.4.0/armtools/bin/../lib/gcc/arm-atollic-eabi/4.8.3/../../../../arm-atollic-eabi/lib/armv7e-m/fpu\libc_s.a(lib_a-signal.o)
 .ARM.attributes
                0x00000bd1       0x34 c:/program files (x86)/atollic/truestudio for arm 5.4.0/armtools/bin/../lib/gcc/arm-atollic-eabi/4.8.3/../../../../arm-atollic-eabi/lib/armv7e-m/fpu\libc_s.a(lib_a-signalr.o)
 .ARM.attributes
                0x00000c05       0x20 c:/program files (x86)/atollic/truestudio for arm 5.4.0/armtools/bin/../lib/gcc/arm-atollic-eabi/4.8.3/../../../../arm-atollic-eabi/lib/armv7e-m/fpu\libc_s.a(lib_a-strcmp.o)
 .ARM.attributes
                0x00000c25       0x34 c:/program files (x86)/atollic/truestudio for arm 5.4.0/armtools/bin/../lib/gcc/arm-atollic-eabi/4.8.3/../../../../arm-atollic-eabi/lib/armv7e-m/fpu\libc_s.a(lib_a-strncmp.o)
 .ARM.attributes
                0x00000c59       0x34 c:/program files (x86)/atollic/truestudio for arm 5.4.0/armtools/bin/../lib/gcc/arm-atollic-eabi/4.8.3/../../../../arm-atollic-eabi/lib/armv7e-m/fpu\libc_s.a(lib_a-syswrite.o)
 .ARM.attributes
                0x00000c8d       0x34 c:/program files (x86)/atollic/truestudio for arm 5.4.0/armtools/bin/../lib/gcc/arm-atollic-eabi/4.8.3/../../../../arm-atollic-eabi/lib/armv7e-m/fpu\libc_s.a(lib_a-writer.o)
 .ARM.attributes
                0x00000cc1       0x34 c:/program files (x86)/atollic/truestudio for arm 5.4.0/armtools/bin/../lib/gcc/arm-atollic-eabi/4.8.3/../../../../arm-atollic-eabi/lib/armv7e-m/fpu\libc_s.a(lib_a-nano-reallocr.o)
 .ARM.attributes
                0x00000cf5       0x34 c:/program files (x86)/atollic/truestudio for arm 5.4.0/armtools/bin/../lib/gcc/arm-atollic-eabi/4.8.3/../../../../arm-atollic-eabi/lib/armv7e-m/fpu\libc_s.a(lib_a-nano-msizer.o)
 .ARM.attributes
                0x00000d29       0x22 c:/program files (x86)/atollic/truestudio for arm 5.4.0/armtools/bin/../lib/gcc/arm-atollic-eabi/4.8.3/armv7e-m/fpu\libgcc.a(_arm_addsubdf3.o)
 .ARM.attributes
                0x00000d4b       0x22 c:/program files (x86)/atollic/truestudio for arm 5.4.0/armtools/bin/../lib/gcc/arm-atollic-eabi/4.8.3/armv7e-m/fpu\libgcc.a(_arm_muldivdf3.o)
 .ARM.attributes
                0x00000d6d       0x22 c:/program files (x86)/atollic/truestudio for arm 5.4.0/armtools/bin/../lib/gcc/arm-atollic-eabi/4.8.3/armv7e-m/fpu\libgcc.a(_arm_cmpdf2.o)
 .ARM.attributes
                0x00000d8f       0x22 c:/program files (x86)/atollic/truestudio for arm 5.4.0/armtools/bin/../lib/gcc/arm-atollic-eabi/4.8.3/armv7e-m/fpu\libgcc.a(_arm_fixdfsi.o)
 .ARM.attributes
                0x00000db1       0x22 c:/program files (x86)/atollic/truestudio for arm 5.4.0/armtools/bin/../lib/gcc/arm-atollic-eabi/4.8.3/armv7e-m/fpu/crtn.o
OUTPUT(control-rx.elf elf32-littlearm)

.debug_info     0x00000000    0x116a4
 .debug_info    0x00000000      0xbc2 src\tiny_printf.o
 .debug_info    0x00000bc2      0x5a3 src\system_stm32f4xx.o
 .debug_info    0x00001165      0x122 src\stm32f4xx_it.o
 .debug_info    0x00001287       0x86 src\startup_stm32f40xx.o
 .debug_info    0x0000130d      0xa41 src\own_libraries\SPI_interface.o
 .debug_info    0x00001d4e      0x29c src\own_libraries\REGISTER.o
 .debug_info    0x00001fea      0x4ad src\own_libraries\NRF_REGISTER_MAP.o
 .debug_info    0x00002497     0x1c3d src\own_libraries\NRF24.o
 .debug_info    0x000040d4      0x8ad src\own_libraries\CONFIG.o
 .debug_info    0x00004981     0x1381 src\main.o
 .debug_info    0x00005d02      0x4fb src\control\dibre.o
 .debug_info    0x000061fd      0x759 src\control\adc.o
 .debug_info    0x00006956      0x400 src\control\TimerTime2.o
 .debug_info    0x00006d56      0x95b src\control\TimerTime.o
 .debug_info    0x000076b1      0xc58 src\control\Robo.o
 .debug_info    0x00008309      0x748 src\control\Pwm.o
 .debug_info    0x00008a51      0xa36 src\control\Motor.o
 .debug_info    0x00009487      0x3dc src\control\GPIO.o
 .debug_info    0x00009863      0x67e src\control\Encoder.o
 .debug_info    0x00009ee1     0x1090 Utilities\STM32F4-Discovery\stm32f4_discovery_audio_codec.o
 .debug_info    0x0000af71      0x88d Utilities\STM32F4-Discovery\stm32f4_discovery.o
 .debug_info    0x0000b7fe     0x1c65 Libraries\STM32F4xx_StdPeriph_Driver\src\stm32f4xx_tim.o
 .debug_info    0x0000d463      0x270 Libraries\STM32F4xx_StdPeriph_Driver\src\stm32f4xx_syscfg.o
 .debug_info    0x0000d6d3      0xb0b Libraries\STM32F4xx_StdPeriph_Driver\src\stm32f4xx_spi.o
 .debug_info    0x0000e1de      0xc77 Libraries\STM32F4xx_StdPeriph_Driver\src\stm32f4xx_rcc.o
 .debug_info    0x0000ee55      0x609 Libraries\STM32F4xx_StdPeriph_Driver\src\stm32f4xx_gpio.o
 .debug_info    0x0000f45e      0x34b Libraries\STM32F4xx_StdPeriph_Driver\src\stm32f4xx_exti.o
 .debug_info    0x0000f7a9      0x73d Libraries\STM32F4xx_StdPeriph_Driver\src\stm32f4xx_dma.o
 .debug_info    0x0000fee6      0x641 Libraries\STM32F4xx_StdPeriph_Driver\src\stm32f4xx_dac.o
 .debug_info    0x00010527      0xc3c Libraries\STM32F4xx_StdPeriph_Driver\src\stm32f4xx_adc.o
 .debug_info    0x00011163      0x541 Libraries\STM32F4xx_StdPeriph_Driver\src\misc.o

.debug_abbrev   0x00000000     0x3939
 .debug_abbrev  0x00000000      0x248 src\tiny_printf.o
 .debug_abbrev  0x00000248      0x138 src\system_stm32f4xx.o
 .debug_abbrev  0x00000380       0x67 src\stm32f4xx_it.o
 .debug_abbrev  0x000003e7       0x12 src\startup_stm32f40xx.o
 .debug_abbrev  0x000003f9      0x250 src\own_libraries\SPI_interface.o
 .debug_abbrev  0x00000649      0x1a1 src\own_libraries\REGISTER.o
 .debug_abbrev  0x000007ea      0x251 src\own_libraries\NRF_REGISTER_MAP.o
 .debug_abbrev  0x00000a3b      0x451 src\own_libraries\NRF24.o
 .debug_abbrev  0x00000e8c      0x20b src\own_libraries\CONFIG.o
 .debug_abbrev  0x00001097      0x3c7 src\main.o
 .debug_abbrev  0x0000145e      0x1ab src\control\dibre.o
 .debug_abbrev  0x00001609      0x1c8 src\control\adc.o
 .debug_abbrev  0x000017d1      0x192 src\control\TimerTime2.o
 .debug_abbrev  0x00001963      0x217 src\control\TimerTime.o
 .debug_abbrev  0x00001b7a      0x2ab src\control\Robo.o
 .debug_abbrev  0x00001e25      0x1ea src\control\Pwm.o
 .debug_abbrev  0x0000200f      0x270 src\control\Motor.o
 .debug_abbrev  0x0000227f      0x1e1 src\control\GPIO.o
 .debug_abbrev  0x00002460      0x1f2 src\control\Encoder.o
 .debug_abbrev  0x00002652      0x258 Utilities\STM32F4-Discovery\stm32f4_discovery_audio_codec.o
 .debug_abbrev  0x000028aa      0x185 Utilities\STM32F4-Discovery\stm32f4_discovery.o
 .debug_abbrev  0x00002a2f      0x189 Libraries\STM32F4xx_StdPeriph_Driver\src\stm32f4xx_tim.o
 .debug_abbrev  0x00002bb8      0x133 Libraries\STM32F4xx_StdPeriph_Driver\src\stm32f4xx_syscfg.o
 .debug_abbrev  0x00002ceb      0x169 Libraries\STM32F4xx_StdPeriph_Driver\src\stm32f4xx_spi.o
 .debug_abbrev  0x00002e54      0x1e5 Libraries\STM32F4xx_StdPeriph_Driver\src\stm32f4xx_rcc.o
 .debug_abbrev  0x00003039      0x1a5 Libraries\STM32F4xx_StdPeriph_Driver\src\stm32f4xx_gpio.o
 .debug_abbrev  0x000031de      0x1a7 Libraries\STM32F4xx_StdPeriph_Driver\src\stm32f4xx_exti.o
 .debug_abbrev  0x00003385      0x157 Libraries\STM32F4xx_StdPeriph_Driver\src\stm32f4xx_dma.o
 .debug_abbrev  0x000034dc      0x17e Libraries\STM32F4xx_StdPeriph_Driver\src\stm32f4xx_dac.o
 .debug_abbrev  0x0000365a      0x198 Libraries\STM32F4xx_StdPeriph_Driver\src\stm32f4xx_adc.o
 .debug_abbrev  0x000037f2      0x147 Libraries\STM32F4xx_StdPeriph_Driver\src\misc.o

.debug_aranges  0x00000000     0x10a8
 .debug_aranges
                0x00000000       0x60 src\tiny_printf.o
 .debug_aranges
                0x00000060       0x30 src\system_stm32f4xx.o
 .debug_aranges
                0x00000090       0x58 src\stm32f4xx_it.o
 .debug_aranges
                0x000000e8       0x28 src\startup_stm32f40xx.o
 .debug_aranges
                0x00000110       0x78 src\own_libraries\SPI_interface.o
 .debug_aranges
                0x00000188       0x40 src\own_libraries\REGISTER.o
 .debug_aranges
                0x000001c8       0x28 src\own_libraries\NRF_REGISTER_MAP.o
 .debug_aranges
                0x000001f0      0x110 src\own_libraries\NRF24.o
 .debug_aranges
                0x00000300       0x80 src\own_libraries\CONFIG.o
 .debug_aranges
                0x00000380       0xa0 src\main.o
 .debug_aranges
                0x00000420       0x28 src\control\dibre.o
 .debug_aranges
                0x00000448       0x28 src\control\adc.o
 .debug_aranges
                0x00000470       0x28 src\control\TimerTime2.o
 .debug_aranges
                0x00000498       0x38 src\control\TimerTime.o
 .debug_aranges
                0x000004d0       0x38 src\control\Robo.o
 .debug_aranges
                0x00000508       0x28 src\control\Pwm.o
 .debug_aranges
                0x00000530       0x48 src\control\Motor.o
 .debug_aranges
                0x00000578       0x30 src\control\GPIO.o
 .debug_aranges
                0x000005a8       0x30 src\control\Encoder.o
 .debug_aranges
                0x000005d8      0x130 Utilities\STM32F4-Discovery\stm32f4_discovery_audio_codec.o
 .debug_aranges
                0x00000708       0x48 Utilities\STM32F4-Discovery\stm32f4_discovery.o
 .debug_aranges
                0x00000750      0x2f8 Libraries\STM32F4xx_StdPeriph_Driver\src\stm32f4xx_tim.o
 .debug_aranges
                0x00000a48       0x48 Libraries\STM32F4xx_StdPeriph_Driver\src\stm32f4xx_syscfg.o
 .debug_aranges
                0x00000a90       0xe0 Libraries\STM32F4xx_StdPeriph_Driver\src\stm32f4xx_spi.o
 .debug_aranges
                0x00000b70      0x180 Libraries\STM32F4xx_StdPeriph_Driver\src\stm32f4xx_rcc.o
 .debug_aranges
                0x00000cf0       0x88 Libraries\STM32F4xx_StdPeriph_Driver\src\stm32f4xx_gpio.o
 .debug_aranges
                0x00000d78       0x58 Libraries\STM32F4xx_StdPeriph_Driver\src\stm32f4xx_exti.o
 .debug_aranges
                0x00000dd0       0xb0 Libraries\STM32F4xx_StdPeriph_Driver\src\stm32f4xx_dma.o
 .debug_aranges
                0x00000e80       0xa0 Libraries\STM32F4xx_StdPeriph_Driver\src\stm32f4xx_dac.o
 .debug_aranges
                0x00000f20      0x148 Libraries\STM32F4xx_StdPeriph_Driver\src\stm32f4xx_adc.o
 .debug_aranges
                0x00001068       0x40 Libraries\STM32F4xx_StdPeriph_Driver\src\misc.o

.debug_ranges   0x00000000      0xec0
 .debug_ranges  0x00000000       0x50 src\tiny_printf.o
 .debug_ranges  0x00000050       0x20 src\system_stm32f4xx.o
 .debug_ranges  0x00000070       0x48 src\stm32f4xx_it.o
 .debug_ranges  0x000000b8       0x20 src\startup_stm32f40xx.o
 .debug_ranges  0x000000d8       0x68 src\own_libraries\SPI_interface.o
 .debug_ranges  0x00000140       0x30 src\own_libraries\REGISTER.o
 .debug_ranges  0x00000170       0x18 src\own_libraries\NRF_REGISTER_MAP.o
 .debug_ranges  0x00000188      0x100 src\own_libraries\NRF24.o
 .debug_ranges  0x00000288       0x70 src\own_libraries\CONFIG.o
 .debug_ranges  0x000002f8       0x90 src\main.o
 .debug_ranges  0x00000388       0x18 src\control\dibre.o
 .debug_ranges  0x000003a0       0x18 src\control\adc.o
 .debug_ranges  0x000003b8       0x18 src\control\TimerTime2.o
 .debug_ranges  0x000003d0       0x28 src\control\TimerTime.o
 .debug_ranges  0x000003f8       0x28 src\control\Robo.o
 .debug_ranges  0x00000420       0x18 src\control\Pwm.o
 .debug_ranges  0x00000438       0x38 src\control\Motor.o
 .debug_ranges  0x00000470       0x20 src\control\GPIO.o
 .debug_ranges  0x00000490       0x20 src\control\Encoder.o
 .debug_ranges  0x000004b0      0x120 Utilities\STM32F4-Discovery\stm32f4_discovery_audio_codec.o
 .debug_ranges  0x000005d0       0x38 Utilities\STM32F4-Discovery\stm32f4_discovery.o
 .debug_ranges  0x00000608      0x2e8 Libraries\STM32F4xx_StdPeriph_Driver\src\stm32f4xx_tim.o
 .debug_ranges  0x000008f0       0x38 Libraries\STM32F4xx_StdPeriph_Driver\src\stm32f4xx_syscfg.o
 .debug_ranges  0x00000928       0xd0 Libraries\STM32F4xx_StdPeriph_Driver\src\stm32f4xx_spi.o
 .debug_ranges  0x000009f8      0x170 Libraries\STM32F4xx_StdPeriph_Driver\src\stm32f4xx_rcc.o
 .debug_ranges  0x00000b68       0x78 Libraries\STM32F4xx_StdPeriph_Driver\src\stm32f4xx_gpio.o
 .debug_ranges  0x00000be0       0x48 Libraries\STM32F4xx_StdPeriph_Driver\src\stm32f4xx_exti.o
 .debug_ranges  0x00000c28       0xa0 Libraries\STM32F4xx_StdPeriph_Driver\src\stm32f4xx_dma.o
 .debug_ranges  0x00000cc8       0x90 Libraries\STM32F4xx_StdPeriph_Driver\src\stm32f4xx_dac.o
 .debug_ranges  0x00000d58      0x138 Libraries\STM32F4xx_StdPeriph_Driver\src\stm32f4xx_adc.o
 .debug_ranges  0x00000e90       0x30 Libraries\STM32F4xx_StdPeriph_Driver\src\misc.o

.debug_line     0x00000000     0x666d
 .debug_line    0x00000000      0x2cf src\tiny_printf.o
 .debug_line    0x000002cf      0x1f4 src\system_stm32f4xx.o
 .debug_line    0x000004c3      0x1d1 src\stm32f4xx_it.o
 .debug_line    0x00000694       0x7a src\startup_stm32f40xx.o
 .debug_line    0x0000070e      0x3e9 src\own_libraries\SPI_interface.o
 .debug_line    0x00000af7      0x1bd src\own_libraries\REGISTER.o
 .debug_line    0x00000cb4      0x2a4 src\own_libraries\NRF_REGISTER_MAP.o
 .debug_line    0x00000f58      0x6f4 src\own_libraries\NRF24.o
 .debug_line    0x0000164c      0x395 src\own_libraries\CONFIG.o
 .debug_line    0x000019e1      0x446 src\main.o
 .debug_line    0x00001e27      0x1aa src\control\dibre.o
 .debug_line    0x00001fd1      0x242 src\control\adc.o
 .debug_line    0x00002213      0x206 src\control\TimerTime2.o
 .debug_line    0x00002419      0x231 src\control\TimerTime.o
 .debug_line    0x0000264a      0x26d src\control\Robo.o
 .debug_line    0x000028b7      0x25c src\control\Pwm.o
 .debug_line    0x00002b13      0x2a6 src\control\Motor.o
 .debug_line    0x00002db9      0x229 src\control\GPIO.o
 .debug_line    0x00002fe2      0x2bf src\control\Encoder.o
 .debug_line    0x000032a1      0x6e2 Utilities\STM32F4-Discovery\stm32f4_discovery_audio_codec.o
 .debug_line    0x00003983      0x285 Utilities\STM32F4-Discovery\stm32f4_discovery.o
 .debug_line    0x00003c08      0xa4f Libraries\STM32F4xx_StdPeriph_Driver\src\stm32f4xx_tim.o
 .debug_line    0x00004657      0x20f Libraries\STM32F4xx_StdPeriph_Driver\src\stm32f4xx_syscfg.o
 .debug_line    0x00004866      0x445 Libraries\STM32F4xx_StdPeriph_Driver\src\stm32f4xx_spi.o
 .debug_line    0x00004cab      0x597 Libraries\STM32F4xx_StdPeriph_Driver\src\stm32f4xx_rcc.o
 .debug_line    0x00005242      0x329 Libraries\STM32F4xx_StdPeriph_Driver\src\stm32f4xx_gpio.o
 .debug_line    0x0000556b      0x28f Libraries\STM32F4xx_StdPeriph_Driver\src\stm32f4xx_exti.o
 .debug_line    0x000057fa      0x3c6 Libraries\STM32F4xx_StdPeriph_Driver\src\stm32f4xx_dma.o
 .debug_line    0x00005bc0      0x342 Libraries\STM32F4xx_StdPeriph_Driver\src\stm32f4xx_dac.o
 .debug_line    0x00005f02      0x53c Libraries\STM32F4xx_StdPeriph_Driver\src\stm32f4xx_adc.o
 .debug_line    0x0000643e      0x22f Libraries\STM32F4xx_StdPeriph_Driver\src\misc.o

.debug_str      0x00000000     0x5687
 .debug_str     0x00000000      0x594 src\tiny_printf.o
                                0x611 (size before relaxing)
 .debug_str     0x00000594      0x233 src\system_stm32f4xx.o
                                0x409 (size before relaxing)
 .debug_str     0x000007c7       0x96 src\stm32f4xx_it.o
                                0x242 (size before relaxing)
 .debug_str     0x0000085d      0x55d src\own_libraries\SPI_interface.o
                                0x7cb (size before relaxing)
 .debug_str     0x00000dba       0xcd src\own_libraries\REGISTER.o
                                0x2eb (size before relaxing)
 .debug_str     0x00000e87      0x1dd src\own_libraries\NRF_REGISTER_MAP.o
                                0x4b4 (size before relaxing)
 .debug_str     0x00001064      0x9ea src\own_libraries\NRF24.o
                               0x1364 (size before relaxing)
 .debug_str     0x00001a4e      0x718 src\own_libraries\CONFIG.o
                                0xc56 (size before relaxing)
 .debug_str     0x00002166      0x6b9 src\main.o
                               0x1048 (size before relaxing)
 .debug_str     0x0000281f       0x27 src\control\dibre.o
                                0x401 (size before relaxing)
 .debug_str     0x00002846      0x2d2 src\control\adc.o
                                0x83a (size before relaxing)
 .debug_str     0x00002b18       0xb4 src\control\TimerTime2.o
                                0x425 (size before relaxing)
 .debug_str     0x00002bcc       0x40 src\control\TimerTime.o
                                0x9f0 (size before relaxing)
 .debug_str     0x00002c0c      0x11e src\control\Robo.o
                                0x852 (size before relaxing)
 .debug_str     0x00002d2a       0xee src\control\Pwm.o
                                0x72b (size before relaxing)
 .debug_str     0x00002e18       0x88 src\control\Motor.o
                                0x6cf (size before relaxing)
 .debug_str     0x00002ea0       0x34 src\control\GPIO.o
                                0x485 (size before relaxing)
 .debug_str     0x00002ed4       0x6b src\control\Encoder.o
                                0x5f2 (size before relaxing)
 .debug_str     0x00002f3f      0x5d2 Utilities\STM32F4-Discovery\stm32f4_discovery_audio_codec.o
                               0x10ea (size before relaxing)
 .debug_str     0x00003511      0x190 Utilities\STM32F4-Discovery\stm32f4_discovery.o
                                0xba0 (size before relaxing)
 .debug_str     0x000036a1      0xa04 Libraries\STM32F4xx_StdPeriph_Driver\src\stm32f4xx_tim.o
                                0xe47 (size before relaxing)
 .debug_str     0x000040a5      0x156 Libraries\STM32F4xx_StdPeriph_Driver\src\stm32f4xx_syscfg.o
                                0x36b (size before relaxing)
 .debug_str     0x000041fb      0x295 Libraries\STM32F4xx_StdPeriph_Driver\src\stm32f4xx_spi.o
                                0x701 (size before relaxing)
 .debug_str     0x00004490      0x56b Libraries\STM32F4xx_StdPeriph_Driver\src\stm32f4xx_rcc.o
                                0x8f0 (size before relaxing)
 .debug_str     0x000049fb      0x159 Libraries\STM32F4xx_StdPeriph_Driver\src\stm32f4xx_gpio.o
                                0x51a (size before relaxing)
 .debug_str     0x00004b54       0xf3 Libraries\STM32F4xx_StdPeriph_Driver\src\stm32f4xx_exti.o
                                0x3d0 (size before relaxing)
 .debug_str     0x00004c47      0x254 Libraries\STM32F4xx_StdPeriph_Driver\src\stm32f4xx_dma.o
                                0x5b9 (size before relaxing)
 .debug_str     0x00004e9b      0x220 Libraries\STM32F4xx_StdPeriph_Driver\src\stm32f4xx_dac.o
                                0x4ca (size before relaxing)
 .debug_str     0x000050bb      0x4cd Libraries\STM32F4xx_StdPeriph_Driver\src\stm32f4xx_adc.o
                                0x87b (size before relaxing)
 .debug_str     0x00005588       0xff Libraries\STM32F4xx_StdPeriph_Driver\src\misc.o
                                0x445 (size before relaxing)

.comment        0x00000000       0x82
 .comment       0x00000000       0x82 src\tiny_printf.o
                                 0x83 (size before relaxing)
 .comment       0x00000000       0x83 src\system_stm32f4xx.o
 .comment       0x00000000       0x83 src\stm32f4xx_it.o
 .comment       0x00000000       0x83 src\own_libraries\SPI_interface.o
 .comment       0x00000000       0x83 src\own_libraries\REGISTER.o
 .comment       0x00000000       0x83 src\own_libraries\NRF_REGISTER_MAP.o
 .comment       0x00000000       0x83 src\own_libraries\NRF24.o
 .comment       0x00000000       0x83 src\own_libraries\CONFIG.o
 .comment       0x00000000       0x83 src\main.o
 .comment       0x00000000       0x83 src\control\dibre.o
 .comment       0x00000000       0x83 src\control\adc.o
 .comment       0x00000000       0x83 src\control\TimerTime2.o
 .comment       0x00000000       0x83 src\control\TimerTime.o
 .comment       0x00000000       0x83 src\control\Robo.o
 .comment       0x00000000       0x83 src\control\Pwm.o
 .comment       0x00000000       0x83 src\control\Motor.o
 .comment       0x00000000       0x83 src\control\GPIO.o
 .comment       0x00000000       0x83 src\control\Encoder.o
 .comment       0x00000000       0x83 Utilities\STM32F4-Discovery\stm32f4_discovery_audio_codec.o
 .comment       0x00000000       0x83 Utilities\STM32F4-Discovery\stm32f4_discovery.o
 .comment       0x00000000       0x83 Libraries\STM32F4xx_StdPeriph_Driver\src\stm32f4xx_tim.o
 .comment       0x00000000       0x83 Libraries\STM32F4xx_StdPeriph_Driver\src\stm32f4xx_syscfg.o